################################################################################
#                                                                              #
#      IAR Universal Linker V5.0.2.5/W32                                       #
#                                                                              #
#           Link time     =  29/Nov/2019  17:28:45                             #
#           Target CPU    =  x51                                               #
#           List file     =  "C:\Texas Instruments\BLE-CC254x-1.3.2\Projects\b #
#                            le\MySimpleBLEObserver\CC2541DB\CC2541EM\List\Sim #
#                            pleBLEObserver.map"                               #
#           Output file 1 =  "C:\Texas Instruments\BLE-CC254x-1.3.2\Projects\b #
#                            le\MySimpleBLEObserver\CC2541DB\CC2541EM\Exe\Simp #
#                            leBLEObserver.hex"                                #
#                            Format: intel-extended                            #
#           Output file 2 =  "C:\Texas Instruments\BLE-CC254x-1.3.2\Projects\b #
#                            le\MySimpleBLEObserver\CC2541DB\CC2541EM\Exe\Simp #
#                            leBLEObserver.d51"                                #
#                            Format: debug                                     #
#                            UBROF version 10.0.3                              #
#                            Using library modules for C-SPY (-rt)             #
#           Command line  =  "-IC:\Program Files (x86)\IAR Systems\Embedded Wo #
#                            rkbench 6.0 Evaluation\8051\CONFIG\"              #
#                            -D_NR_OF_BANKS=0x07 -D_CODEBANK_END=0xFFFF        #
#                            -D_CODEBANK_START=0x8000 -D?CBANK_MASK=0xFF       #
#                            -D?CBANK=0x9F                                     #
#                            "C:\Texas Instruments\BLE-CC254x-1.3.2\Projects\b #
#                            le\Libraries\CC2541DB\bin\CC2541_BLE_observ.lib"  #
#                            "C:\Texas Instruments\BLE-CC254x-1.3.2\Projects\b #
#                            le\Libraries\Common\bin\CC254x_BLE_HCI_TL_None.li #
#                            b"                                                #
#                            "C:\Texas Instruments\BLE-CC254x-1.3.2\Projects\b #
#                            le\MySimpleBLEObserver\CC2541DB\CC2541EM\Obj\OSAL #
#                            .r51"                                             #
#                            "C:\Texas Instruments\BLE-CC254x-1.3.2\Projects\b #
#                            le\MySimpleBLEObserver\CC2541DB\CC2541EM\Obj\OSAL #
#                            _ClockBLE.r51"                                    #
#                            "C:\Texas Instruments\BLE-CC254x-1.3.2\Projects\b #
#                            le\MySimpleBLEObserver\CC2541DB\CC2541EM\Obj\OSAL #
#                            _Memory.r51"                                      #
#                            "C:\Texas Instruments\BLE-CC254x-1.3.2\Projects\b #
#                            le\MySimpleBLEObserver\CC2541DB\CC2541EM\Obj\OSAL #
#                            _PwrMgr.r51"                                      #
#                            "C:\Texas Instruments\BLE-CC254x-1.3.2\Projects\b #
#                            le\MySimpleBLEObserver\CC2541DB\CC2541EM\Obj\OSAL #
#                            _SimpleBLEObserver.r51"                           #
#                            "C:\Texas Instruments\BLE-CC254x-1.3.2\Projects\b #
#                            le\MySimpleBLEObserver\CC2541DB\CC2541EM\Obj\OSAL #
#                            _Timers.r51"                                      #
#                            "C:\Texas Instruments\BLE-CC254x-1.3.2\Projects\b #
#                            le\MySimpleBLEObserver\CC2541DB\CC2541EM\Obj\OnBo #
#                            ard.r51"                                          #
#                            "C:\Texas Instruments\BLE-CC254x-1.3.2\Projects\b #
#                            le\MySimpleBLEObserver\CC2541DB\CC2541EM\Obj\gap. #
#                            r51"                                              #
#                            "C:\Texas Instruments\BLE-CC254x-1.3.2\Projects\b #
#                            le\MySimpleBLEObserver\CC2541DB\CC2541EM\Obj\hal_ #
#                            adc.r51"                                          #
#                            "C:\Texas Instruments\BLE-CC254x-1.3.2\Projects\b #
#                            le\MySimpleBLEObserver\CC2541DB\CC2541EM\Obj\hal_ #
#                            aes.r51"                                          #
#                            "C:\Texas Instruments\BLE-CC254x-1.3.2\Projects\b #
#                            le\MySimpleBLEObserver\CC2541DB\CC2541EM\Obj\hal_ #
#                            dma.r51"                                          #
#                            "C:\Texas Instruments\BLE-CC254x-1.3.2\Projects\b #
#                            le\MySimpleBLEObserver\CC2541DB\CC2541EM\Obj\hal_ #
#                            drivers.r51"                                      #
#                            "C:\Texas Instruments\BLE-CC254x-1.3.2\Projects\b #
#                            le\MySimpleBLEObserver\CC2541DB\CC2541EM\Obj\hal_ #
#                            flash.r51"                                        #
#                            "C:\Texas Instruments\BLE-CC254x-1.3.2\Projects\b #
#                            le\MySimpleBLEObserver\CC2541DB\CC2541EM\Obj\hal_ #
#                            key.r51"                                          #
#                            "C:\Texas Instruments\BLE-CC254x-1.3.2\Projects\b #
#                            le\MySimpleBLEObserver\CC2541DB\CC2541EM\Obj\hal_ #
#                            lcd.r51"                                          #
#                            "C:\Texas Instruments\BLE-CC254x-1.3.2\Projects\b #
#                            le\MySimpleBLEObserver\CC2541DB\CC2541EM\Obj\hal_ #
#                            led.r51"                                          #
#                            "C:\Texas Instruments\BLE-CC254x-1.3.2\Projects\b #
#                            le\MySimpleBLEObserver\CC2541DB\CC2541EM\Obj\hal_ #
#                            sleep.r51"                                        #
#                            "C:\Texas Instruments\BLE-CC254x-1.3.2\Projects\b #
#                            le\MySimpleBLEObserver\CC2541DB\CC2541EM\Obj\hal_ #
#                            startup.r51"                                      #
#                            "C:\Texas Instruments\BLE-CC254x-1.3.2\Projects\b #
#                            le\MySimpleBLEObserver\CC2541DB\CC2541EM\Obj\hal_ #
#                            timer.r51"                                        #
#                            "C:\Texas Instruments\BLE-CC254x-1.3.2\Projects\b #
#                            le\MySimpleBLEObserver\CC2541DB\CC2541EM\Obj\hal_ #
#                            uart.r51"                                         #
#                            "C:\Texas Instruments\BLE-CC254x-1.3.2\Projects\b #
#                            le\MySimpleBLEObserver\CC2541DB\CC2541EM\Obj\npi. #
#                            r51"                                              #
#                            "C:\Texas Instruments\BLE-CC254x-1.3.2\Projects\b #
#                            le\MySimpleBLEObserver\CC2541DB\CC2541EM\Obj\obse #
#                            rver.r51"                                         #
#                            "C:\Texas Instruments\BLE-CC254x-1.3.2\Projects\b #
#                            le\MySimpleBLEObserver\CC2541DB\CC2541EM\Obj\osal #
#                            _bufmgr.r51"                                      #
#                            "C:\Texas Instruments\BLE-CC254x-1.3.2\Projects\b #
#                            le\MySimpleBLEObserver\CC2541DB\CC2541EM\Obj\osal #
#                            _cbtimer.r51"                                     #
#                            "C:\Texas Instruments\BLE-CC254x-1.3.2\Projects\b #
#                            le\MySimpleBLEObserver\CC2541DB\CC2541EM\Obj\osal #
#                            _snv.r51"                                         #
#                            "C:\Texas Instruments\BLE-CC254x-1.3.2\Projects\b #
#                            le\MySimpleBLEObserver\CC2541DB\CC2541EM\Obj\simp #
#                            leBLEObserver.r51"                                #
#                            "C:\Texas Instruments\BLE-CC254x-1.3.2\Projects\b #
#                            le\MySimpleBLEObserver\CC2541DB\CC2541EM\Obj\simp #
#                            leBLEObserver_Main.r51"                           #
#                            -o                                                #
#                            "C:\Texas Instruments\BLE-CC254x-1.3.2\Projects\b #
#                            le\MySimpleBLEObserver\CC2541DB\CC2541EM\Exe\Simp #
#                            leBLEObserver.d51"                                #
#                            -l                                                #
#                            "C:\Texas Instruments\BLE-CC254x-1.3.2\Projects\b #
#                            le\MySimpleBLEObserver\CC2541DB\CC2541EM\List\Sim #
#                            pleBLEObserver.map"                               #
#                            -xmsn -f                                          #
#                            "C:\Texas Instruments\BLE-CC254x-1.3.2\Projects\b #
#                            le\MySimpleBLEObserver\CC2541DB\..\..\common\cc25 #
#                            40\ti_51ew_cc2540b.xcl"                           #
#                            (-D_IDATA_END=0xFF -D_PDATA_START=0x1E00          #
#                            -D_PDATA_END=0x1EFF -D_IXDATA_START=0x0001        #
#                            -D_IXDATA_END=0x1EFF                              #
#                            -D_XDATA_START=_IXDATA_START                      #
#                            -D_XDATA_END=_IXDATA_END -D_CODE_START=0x0000     #
#                            -D_CODE_END=0x7FFF -D_FIRST_BANK_ADDR=0x10000     #
#                            -D_NEAR_CODE_END=_CODE_END -D?REGISTER_BANK=0     #
#                            -D_REGISTER_BANK_START=0 -D?PBANK_NUMBER=0x1E     #
#                            -D_BREG_START=0x00 -D?VB=0x20                     #
#                            -D_FAR_DATA_NR_OF_BANKS=0x0E                      #
#                            -D_FAR_DATA_START=0x010001                        #
#                            -D_FAR_DATA_END=0xFFFFFF                          #
#                            -D_FAR_CODE_START=_CODE_START                     #
#                            -D_FAR_CODE_END=_CODE_END                         #
#                            -Z(BIT)BREG=_BREG_START -Z(BIT)BIT_N=0-7F         #
#                            -Z(DATA)REGISTERS+8=_REGISTER_BANK_START          #
#                            -Z(DATA)BDATA_Z,BDATA_N,BDATA_I=20-2F             #
#                            -Z(DATA)VREG+_NR_OF_VIRTUAL_REGISTERS=08-7F       #
#                            -Z(DATA)PSP,XSP=08-7F -Z(DATA)DOVERLAY=08-7F      #
#                            -Z(DATA)DATA_I,DATA_Z,DATA_N=08-7F                #
#                            -U(IDATA)0-7F=(DATA)0-7F                          #
#                            -Z(IDATA)IDATA_I,IDATA_Z,IDATA_N=08-_IDATA_END    #
#                            -Z(IDATA)ISTACK+_IDATA_STACK_SIZE#08-_IDATA_END   #
#                            -Z(IDATA)IOVERLAY=08-FF                           #
#                            -Z(CODE)INTVEC=_CODE_START                        #
#                            -Z(CODE)CSTART=_CODE_START-_CODE_END              #
#                            -Z(CODE)BIT_ID,BDATA_ID,DATA_ID,IDATA_ID,IXDATA_I #
#                            D,PDATA_ID,XDATA_ID=_CODE_START-_CODE_END         #
#                            -Z(CODE)HUGE_ID=_FAR_CODE_START-_FAR_CODE_END     #
#                            -D_SLEEP_CODE_SPACE_START=(_CODE_END-7)           #
#                            -D_SLEEP_CODE_SPACE_END=(_CODE_END)               #
#                            -Z(CODE)SLEEP_CODE=_SLEEP_CODE_SPACE_START-_SLEEP #
#                            _CODE_SPACE_END                                   #
#                            -Z(CODE)BANK_RELAYS,RCODE,DIFUNCT,CODE_N,NEAR_COD #
#                            E=_CODE_START-_CODE_END                           #
#                            -P(CODE)CODE_C=_CODE_START-_CODE_END              #
#                            -P(CONST)XDATA_ROM_C=0x8000-0xFFFF                #
#                            -P(CODE)XDATA_ROM_C_FLASH=0x18000-0x1FFFF         #
#                            -QXDATA_ROM_C=XDATA_ROM_C_FLASH                   #
#                            -P(CODE)BANKED_CODE=_CODE_START-_CODE_END,[(_CODE #
#                            BANK_START+_FIRST_BANK_ADDR)-(_CODEBANK_END+_FIRS #
#                            T_BANK_ADDR)]*_NR_OF_BANKS+10000                  #
#                            -P(CODE)FAR_CODE_C,FAR_CODE_N,FAR_CODE=[_FAR_CODE #
#                            _START-_FAR_CODE_END]/10000                       #
#                            -P(CODE)HUGE_CODE_C=_FAR_CODE_START-_FAR_CODE_END #
#                            -Z(CODE)CHECKSUM#_CODE_END                        #
#                            -Z(XDATA)EXT_STACK+_EXTENDED_STACK_SIZE=_EXTENDED #
#                            _STACK_START                                      #
#                            -Z(XDATA)PSTACK+_PDATA_STACK_SIZE=_PDATA_START-_P #
#                            DATA_END                                          #
#                            -Z(XDATA)XSTACK+_XDATA_STACK_SIZE=_XDATA_START-_X #
#                            DATA_END                                          #
#                            -Z(XDATA)PDATA_Z,PDATA_I=_PDATA_START-_PDATA_END  #
#                            -P(XDATA)PDATA_N=_PDATA_START-_PDATA_END          #
#                            -Z(XDATA)IXDATA_Z,IXDATA_I=_IXDATA_START-_IXDATA_ #
#                            END                                               #
#                            -P(XDATA)IXDATA_N=_IXDATA_START-_IXDATA_END       #
#                            -Z(XDATA)XDATA_Z,XDATA_I=_XDATA_START-_XDATA_END  #
#                            -P(XDATA)XDATA_N=_XDATA_START-_XDATA_END          #
#                            -Z(XDATA)XDATA_HEAP+_XDATA_HEAP_SIZE=_XDATA_START #
#                            -_XDATA_END                                       #
#                            -Z(XDATA)FAR_Z=[_FAR_DATA_START-_FAR_DATA_END]/10 #
#                            000                                               #
#                            -Z(XDATA)FAR_I=[_FAR_DATA_START-_FAR_DATA_END]/10 #
#                            000                                               #
#                            -Z(CODE)FAR_ID=[_FAR_CODE_START-_FAR_CODE_END]/10 #
#                            000                                               #
#                            -Z(XDATA)FAR_HEAP+_FAR_HEAP_SIZE=[_FAR_DATA_START #
#                            -_FAR_DATA_END]/10000                             #
#                            -P(XDATA)FAR_N=[_FAR_DATA_START-_FAR_DATA_END]*_F #
#                            AR_DATA_NR_OF_BANKS+10000                         #
#                            -P(CONST)FAR_ROM_C=[_FAR_DATA_START-_FAR_DATA_END #
#                            ]*_FAR_DATA_NR_OF_BANKS+10000                     #
#                            -Z(XDATA)HUGE_Z,HUGE_I=_FAR_DATA_START-_FAR_DATA_ #
#                            END                                               #
#                            -P(XDATA)HUGE_N=_FAR_DATA_START-_FAR_DATA_END     #
#                            -Z(XDATA)HUGE_HEAP+_HUGE_HEAP_SIZE=_FAR_DATA_STAR #
#                            T-_FAR_DATA_END                                   #
#                            -Z(CONST)HUGE_ROM_C=_FAR_DATA_START-_FAR_DATA_END #
#                            -cx51 -D_BLENV_ADDRESS_SPACE_START=0x7E800        #
#                            -D_BLENV_ADDRESS_SPACE_END=0x7F7FF                #
#                            -Z(CODE)BLENV_ADDRESS_SPACE=_BLENV_ADDRESS_SPACE_ #
#                            START-_BLENV_ADDRESS_SPACE_END                    #
#                            -D_BANK0_START=0x00000 -D_BANK0_END=0x07FFF       #
#                            -D_BANK1_START=0x18000 -D_BANK1_END=0x1FFFF       #
#                            -D_BANK2_START=0x28000 -D_BANK2_END=0x2FFFF       #
#                            -D_BANK3_START=0x38000 -D_BANK3_END=0x3FFFF       #
#                            -D_BANK4_START=0x48000 -D_BANK4_END=0x4FFFF       #
#                            -D_BANK5_START=0x58000 -D_BANK5_END=0x5FFFF       #
#                            -D_BANK6_START=0x68000 -D_BANK6_END=0x6FFFF       #
#                            -D_BANK7_START=0x78000                            #
#                            -D_BANK7_END=(_BLENV_ADDRESS_SPACE_START-1)       #
#                            -P(CODE)BANK0=_BANK0_START-_BANK0_END             #
#                            -P(CODE)BANK1=_BANK1_START-_BANK1_END             #
#                            -P(CODE)BANK2=_BANK2_START-_BANK2_END             #
#                            -P(CODE)BANK3=_BANK3_START-_BANK3_END             #
#                            -P(CODE)BANK4=_BANK4_START-_BANK4_END             #
#                            -P(CODE)BANK5=_BANK5_START-_BANK5_END             #
#                            -P(CODE)BANK6=_BANK6_START-_BANK6_END             #
#                            -P(CODE)BANK7=_BANK7_START-_BANK7_END             #
#                            -M(CODE)[(_CODEBANK_START+_FIRST_BANK_ADDR)-(_COD #
#                            EBANK_END+_FIRST_BANK_ADDR)]*_NR_OF_BANKS+0x10000 #
#                            =0x8000                                           #
#                            -ww69=i                                           #
#                            -D_FLASH_LOCK_BITS_START=((_NR_OF_BANKS*_FIRST_BA #
#                            NK_ADDR)+0xFFF0)                                  #
#                            -D_FLASH_LOCK_BITS_END=((_NR_OF_BANKS*_FIRST_BANK #
#                            _ADDR)+0xFFFF)                                    #
#                            -Z(CODE)FLASH_LOCK_BITS=_FLASH_LOCK_BITS_START-_F #
#                            LASH_LOCK_BITS_END                                #
#                            -U(CODE)0x0000=(CODE)_FLASH_LOCK_BITS_START-_FLAS #
#                            H_LOCK_BITS_END)                                  #
#                            -D_NR_OF_VIRTUAL_REGISTERS=10 -D?PBANK=0x93       #
#                            -e?BCALL_FF=?BCALL -e?BRET_FF=?BRET               #
#                            -e?BDISPATCH_FF=?BDISPATCH                        #
#                            -e_small_write=_formatted_write                   #
#                            -e_medium_read=_formatted_read -rt                #
#                            "-Ointel-extended=C:\Texas Instruments\BLE-CC254x #
#                            -1.3.2\Projects\ble\MySimpleBLEObserver\CC2541DB\ #
#                            CC2541EM\Exe\SimpleBLEObserver.hex"               #
#                            -s __program_start                                #
#                            "C:\Program Files (x86)\IAR Systems\Embedded Work #
#                            bench 6.0 Evaluation\8051\LIB\CLIB\cl-pli-blxd-1e #
#                            16x01.r51"                                        #
#                            -D_IDATA_STACK_SIZE=0xC0                          #
#                            -D_EXTENDED_STACK_START=0x00                      #
#                            -D_EXTENDED_STACK_SIZE=0x00                       #
#                            -D_PDATA_STACK_SIZE=0x00                          #
#                            -D_XDATA_STACK_SIZE=0x280                         #
#                            -D_XDATA_HEAP_SIZE=0xFF -D_FAR_HEAP_SIZE=0xFFF    #
#                            -D_HUGE_HEAP_SIZE=0xFFF                           #
#                            -D_FAR22_HEAP_SIZE=0xFFF                          #
#                                                                              #
#                           Copyright (C) 1987-2010 IAR Systems AB.            #
################################################################################





                ****************************************
                *                                      *
                *           CROSS REFERENCE            *
                *                                      *
                ****************************************

       Program entry at : CODE      0000011D  Relocatable, from module : CSTARTUP




                ****************************************
                *                                      *
                *            RUNTIME MODEL             *
                *                                      *
                ****************************************

  __SystemLibrary          = CLib
  __calling_convention     = xdata_reentrant
  __code_model             = banked
  __core                   = plain
  __data_model             = large
  __dptr_size              = 16
  __extended_stack         = disabled
  __location_for_constants = data
  __number_of_dptrs        = 1
  __rt_version             = 1



                ****************************************
                *                                      *
                *              MODULE MAP              *
                *                                      *
                ****************************************


  DEFINED ABSOLUTE ENTRIES
    *************************************************************************

  DEFINED ABSOLUTE ENTRIES
  PROGRAM MODULE, NAME : ?ABS_ENTRY_MOD

Absolute parts
           ENTRY                   ADDRESS         REF BY
           =====                   =======         ======
           _FAR22_HEAP_SIZE        00000FFF 
           _HUGE_HEAP_SIZE         00000FFF 
           _FAR_HEAP_SIZE          00000FFF 
           _XDATA_HEAP_SIZE        000000FF 
           _XDATA_STACK_SIZE       00000280 
           _PDATA_STACK_SIZE       00000000 
           _EXTENDED_STACK_SIZE    00000000 
           _EXTENDED_STACK_START   00000000 
           _IDATA_STACK_SIZE       000000C0 
           ?PBANK                  00000093 
           _NR_OF_VIRTUAL_REGISTERS
                                   00000010 
           _FLASH_LOCK_BITS_END    0003FFFF 
           _FLASH_LOCK_BITS_START
                                   0003FFF0 
           _BANK7_END              0003E7FF 
           _BANK7_START            00038000 
           _BANK6_END              00037FFF 
           _BANK6_START            00030000 
           _BANK5_END              0002FFFF 
           _BANK5_START            00028000 
           _BANK4_END              00027FFF 
           _BANK4_START            00020000 
           _BANK3_END              0001FFFF 
           _BANK3_START            00018000 
           _BANK2_END              00017FFF 
           _BANK2_START            00010000 
           _BANK1_END              0000FFFF 
           _BANK1_START            00008000 
           _BANK0_END              00007FFF 
           _BANK0_START            00000000 
           _BLENV_ADDRESS_SPACE_END
                                   0003F7FF 
           _BLENV_ADDRESS_SPACE_START
                                   0003E800 
           _SLEEP_CODE_SPACE_END   00007FFF 
           _SLEEP_CODE_SPACE_START
                                   00007FF8 
           _FAR_CODE_END           00007FFF 
           _FAR_CODE_START         00000000 
           _FAR_DATA_END           00FFFFFF 
           _FAR_DATA_START         00010001 
           _FAR_DATA_NR_OF_BANKS   0000000E 
           ?VB                     00000020        ?BANKED_ENTER_XDATA (?BANKED_ENTER_XDATA)
                                                   ?BANKED_LEAVE_XDATA (?BANKED_LEAVE_XDATA)
                                                   ?FUNC_ENTER_XDATA (?FUNC_ENTER_XDATA)
                                                   ?FUNC_LEAVE_XDATA (?FUNC_LEAVE_XDATA)
                                                   ?INTERRUPT_ENTER_XSP (?INTERRUPT_ENTER_XSP)
                                                   ?INTERRUPT_LEAVE_XSP (?INTERRUPT_LEAVE_XSP)
           _BREG_START             00000000 
           ?PBANK_NUMBER           0000001E 
           _REGISTER_BANK_START    00000000 
           ?REGISTER_BANK          00000000        Segment part 6 (CSTARTUP)
           _NEAR_CODE_END          00007FFF 
           _FIRST_BANK_ADDR        00010000 
           _CODE_END               00007FFF 
           _CODE_START             00000000 
           _XDATA_END              00001EFF 
           _XDATA_START            00000001 
           _IXDATA_END             00001EFF 
           _IXDATA_START           00000001 
           _PDATA_END              00001EFF 
           _PDATA_START            00001E00 
           _IDATA_END              000000FF 
           ?CBANK                  0000009F        ?RESET_CODE_BANK (CSTARTUP)
                                                   Segment part 0 (?BANKED_CODE_SUPPORT)
           ?CBANK_MASK             000000FF 
           _CODEBANK_START         00008000 
           _CODEBANK_END           0000FFFF 
           _NR_OF_BANKS            00000007 
    *************************************************************************

  FILE NAME : C:\Texas Instruments\BLE-CC254x-1.3.2\Projects\ble\Libraries\CC2541DB\bin\CC2541_BLE_observ.lib
  LIBRARY MODULE, NAME : gap_centdevmgr

  SEGMENTS IN THE MODULE
  ======================
XDATA_Z
  Relative segment, address: XDATA 00000281 - 00000282 (0x2 bytes), align: 0
  Segment part 6.             Intra module refs:   GAP_CentDevMgrInit
                                                   Segment part 40
                                                   Segment part 44
                                                   Segment part 52
                                                   gapFreeScanRecs
                                                   gapProcessAdvertDevInfo
                                                   gapSendDevDiscEvent
    -------------------------------------------------------------------------
XDATA_Z
  Relative segment, address: XDATA 00000283 - 00000283 (0x1 bytes), align: 0
  Segment part 7.             Intra module refs:   GAP_CentDevMgrInit
                                                   gapProcessAdvertDevInfo
                                                   gapSendDevDiscEvent
    -------------------------------------------------------------------------
XDATA_I
  Relative segment, address: XDATA 0000045D - 00000460 (0x4 bytes), align: 0
  Segment part 8.             Intra module refs:   GAP_CentDevMgrInit
    -------------------------------------------------------------------------
<BANKED_CODE,CODE_C> 1 (was BANKED_CODE)
  Relative segment, address: CODE 000014A0 - 00001568 (0xc9 bytes), align: 0
  Segment part 12.            Intra module refs:   GAP_DeviceDiscoveryRequest::?relay
           ENTRY                   ADDRESS         REF BY
           =====                   =======         ======
           GAP_DeviceDiscoveryRequest
                                   000014A0 
               calls direct
               XSTACK = 00000000 ( 0000000E )
    -------------------------------------------------------------------------
<BANKED_CODE,CODE_C> 1 (was BANKED_CODE)
  Relative segment, address: CODE 00001569 - 0000156D (0x5 bytes), align: 0
  Segment part 14.            Intra module refs:   GAP_DeviceDiscoveryRequest
                                                   gapProcessScanningEvt
                                                   gapSetScanParamStatus
    -------------------------------------------------------------------------
<BANKED_CODE,CODE_C> 1 (was BANKED_CODE)
  Relative segment, address: CODE 0000156E - 0000156F (0x2 bytes), align: 0
  Segment part 15.            Intra module refs:   GAP_DeviceDiscoveryCancel
                                                   gapSetScanParamStatus
    -------------------------------------------------------------------------
<BANKED_CODE,CODE_C> 1 (was BANKED_CODE)
  Relative segment, address: CODE 00001570 - 00001572 (0x3 bytes), align: 0
  Segment part 16.            Intra module refs:   GAP_DeviceDiscoveryRequest
                                                   Segment part 15
                                                   gapProcessAdvertDevInfo
                                                   gapProcessScanningEvt
                                                   gapSendDevDiscEvent
                                                   gapSendDeviceInfoEvent
    -------------------------------------------------------------------------
<BANKED_CODE,CODE_C> 1 (was BANKED_CODE)
  Relative segment, address: CODE 00001573 - 0000157A (0x8 bytes), align: 0
  Segment part 17.            Intra module refs:   GAP_CentDevMgrInit
                                                   Segment part 16
                                                   gapFreeScanRecs
                                                   gapProcessAdvertDevInfo
                                                   gapSendDevDiscEvent
    -------------------------------------------------------------------------
<BANKED_CODE,CODE_C> 1 (was BANKED_CODE)
  Relative segment, address: CODE 0000157B - 000015A3 (0x29 bytes), align: 0
  Segment part 18.            Intra module refs:   GAP_DeviceDiscoveryCancel::?relay
           ENTRY                   ADDRESS         REF BY
           =====                   =======         ======
           GAP_DeviceDiscoveryCancel
                                   0000157B 
               calls direct
               XSTACK = 00000000 ( 00000009 )
    -------------------------------------------------------------------------
<BANKED_CODE,CODE_C> 1 (was BANKED_CODE)
  Relative segment, address: CODE 000015A4 - 000015A8 (0x5 bytes), align: 0
  Segment part 20.            Intra module refs:   GAP_CentDevMgrInit
                                                   GAP_DeviceDiscoveryCancel
    -------------------------------------------------------------------------
<BANKED_CODE,CODE_C> 1 (was BANKED_CODE)
  Relative segment, address: CODE 000015A9 - 00001628 (0x80 bytes), align: 0
  Segment part 21.            Intra module refs:   GAP_CentDevMgrInit::?relay
           ENTRY                   ADDRESS         REF BY
           =====                   =======         ======
           GAP_CentDevMgrInit      000015A9 
               calls direct
               XSTACK = 00000000 ( 00000009 )
    -------------------------------------------------------------------------
<BANKED_CODE,CODE_C> 1 (was BANKED_CODE)
  Relative segment, address: CODE 00001629 - 00001650 (0x28 bytes), align: 0
  Segment part 25.            Intra module refs:   gapCentProcessHCICmdEvt::?relay
           LOCAL                   ADDRESS         
           =====                   =======         
           gapCentProcessHCICmdEvt
                                   00001629 
               calls direct, is indirectly called
               XSTACK = 00000000 ( 0000000A )
    -------------------------------------------------------------------------
<BANKED_CODE,CODE_C> 1 (was BANKED_CODE)
  Relative segment, address: CODE 00001651 - 00001655 (0x5 bytes), align: 0
  Segment part 27.            Intra module refs:   gapCentProcessHCICmdEvt
                                                   gapSendScanEnable
    -------------------------------------------------------------------------
<BANKED_CODE,CODE_C> 1 (was BANKED_CODE)
  Relative segment, address: CODE 00001656 - 00001661 (0xc bytes), align: 0
  Segment part 28.            Intra module refs:   gapCentProcessHCICmdEvt
    -------------------------------------------------------------------------
<BANKED_CODE,CODE_C> 1 (was BANKED_CODE)
  Relative segment, address: CODE 00001662 - 00001666 (0x5 bytes), align: 0
  Segment part 29.            Intra module refs:   GAP_DeviceDiscoveryCancel
                                                   Segment part 28
    -------------------------------------------------------------------------
<BANKED_CODE,CODE_C> 1 (was BANKED_CODE)
  Relative segment, address: CODE 00001667 - 000016C4 (0x5e bytes), align: 0
  Segment part 32.            Intra module refs:   gapSetScanParamStatus::?relay
           ENTRY                   ADDRESS         REF BY
           =====                   =======         ======
           gapSetScanParamStatus   00001667 
               calls direct
               XSTACK = 0000000A ( 00000010 )
    -------------------------------------------------------------------------
<BANKED_CODE,CODE_C> 1 (was BANKED_CODE)
  Relative segment, address: CODE 000016C5 - 000016CE (0xa bytes), align: 0
  Segment part 34.            Intra module refs:   GAP_DeviceDiscoveryRequest
                                                   gapSetScanParamStatus
    -------------------------------------------------------------------------
<BANKED_CODE,CODE_C> 1 (was BANKED_CODE)
  Relative segment, address: CODE 000016CF - 00001756 (0x88 bytes), align: 0
  Segment part 35.            Intra module refs:   gapProcessScanningEvt::?relay
           LOCAL                   ADDRESS         
           =====                   =======         
           gapProcessScanningEvt   000016CF 
               calls direct, is indirectly called
               XSTACK = 00000000 ( 0000000C )
    -------------------------------------------------------------------------
<BANKED_CODE,CODE_C> 1 (was BANKED_CODE)
  Relative segment, address: CODE 00001757 - 0000175F (0x9 bytes), align: 0
  Segment part 37.            Intra module refs:   GAP_DeviceDiscoveryCancel
                                                   gapProcessScanningEvt
    -------------------------------------------------------------------------
<BANKED_CODE,CODE_C> 1 (was BANKED_CODE)
  Relative segment, address: CODE 00001760 - 000017EF (0x90 bytes), align: 0
  Segment part 38.            Intra module refs:   gapFreeScanRecs::?relay
           LOCAL                   ADDRESS         
           =====                   =======         
           gapFreeScanRecs         00001760 
               calls direct
               XSTACK = 00000010 ( 0000000B )
    -------------------------------------------------------------------------
<BANKED_CODE,CODE_C> 1 (was BANKED_CODE)
  Relative segment, address: CODE 000017F0 - 000017FB (0xc bytes), align: 0
  Segment part 40.            Intra module refs:   gapFreeScanRecs
    -------------------------------------------------------------------------
<BANKED_CODE,CODE_C> 1 (was BANKED_CODE)
  Relative segment, address: CODE 000017FC - 00001802 (0x7 bytes), align: 0
  Segment part 41.            Intra module refs:   GAP_CentDevMgrInit
                                                   gapFreeScanRecs
    -------------------------------------------------------------------------
<BANKED_CODE,CODE_C> 1 (was BANKED_CODE)
  Relative segment, address: CODE 00001803 - 0000180B (0x9 bytes), align: 0
  Segment part 42.            Intra module refs:   gapFreeScanRecs
    -------------------------------------------------------------------------
<BANKED_CODE,CODE_C> 1 (was BANKED_CODE)
  Relative segment, address: CODE 0000180C - 00001811 (0x6 bytes), align: 0
  Segment part 43.            Intra module refs:   Segment part 42
                                                   gapProcessAdvertDevInfo
    -------------------------------------------------------------------------
<BANKED_CODE,CODE_C> 1 (was BANKED_CODE)
  Relative segment, address: CODE 00001812 - 0000182A (0x19 bytes), align: 0
  Segment part 44.            Intra module refs:   gapFreeScanRecs
    -------------------------------------------------------------------------
<BANKED_CODE,CODE_C> 1 (was BANKED_CODE)
  Relative segment, address: CODE 0000182B - 00001B24 (0x2fa bytes), align: 0
  Segment part 45.            Intra module refs:   gapProcessAdvertDevInfo::?relay
           LOCAL                   ADDRESS         
           =====                   =======         
           gapProcessAdvertDevInfo
                                   0000182B 
               calls direct
               XSTACK = 0000000C ( 0000001B )
               ISTACK = 00000000 ( 00000001 )
    -------------------------------------------------------------------------
<BANKED_CODE,CODE_C> 1 (was BANKED_CODE)
  Relative segment, address: CODE 00001B25 - 00001B2A (0x6 bytes), align: 0
  Segment part 47.            Intra module refs:   Segment part 67
                                                   gapProcessAdvertDevInfo
    -------------------------------------------------------------------------
<BANKED_CODE,CODE_C> 1 (was BANKED_CODE)
  Relative segment, address: CODE 00001B2B - 00001B30 (0x6 bytes), align: 0
  Segment part 48.            Intra module refs:   Segment part 29
                                                   Segment part 47
                                                   gapSetScanParamStatus
    -------------------------------------------------------------------------
<BANKED_CODE,CODE_C> 1 (was BANKED_CODE)
  Relative segment, address: CODE 00001B31 - 00001B39 (0x9 bytes), align: 0
  Segment part 49.            Intra module refs:   gapProcessAdvertDevInfo
    -------------------------------------------------------------------------
<BANKED_CODE,CODE_C> 1 (was BANKED_CODE)
  Relative segment, address: CODE 00001B3A - 00001C65 (0x12c bytes), align: 0
  Segment part 50.            Intra module refs:   gapSendDevDiscEvent::?relay
           LOCAL                   ADDRESS         
           =====                   =======         
           gapSendDevDiscEvent     00001B3A 
               calls direct
               XSTACK = 0000000C ( 00000012 )
               ISTACK = 00000000 ( 00000001 )
    -------------------------------------------------------------------------
<BANKED_CODE,CODE_C> 1 (was BANKED_CODE)
  Relative segment, address: CODE 00001C66 - 00001C7A (0x15 bytes), align: 0
  Segment part 52.            Intra module refs:   Segment part 41
                                                   gapSendDevDiscEvent
    -------------------------------------------------------------------------
<BANKED_CODE,CODE_C> 1 (was BANKED_CODE)
  Relative segment, address: CODE 00001C7B - 00001C86 (0xc bytes), align: 0
  Segment part 53.            Intra module refs:   gapSendDevDiscEvent
    -------------------------------------------------------------------------
<BANKED_CODE,CODE_C> 1 (was BANKED_CODE)
  Relative segment, address: CODE 00001C87 - 00001C8D (0x7 bytes), align: 0
  Segment part 54.            Intra module refs:   gapFreeScanRecs
                                                   gapSendDevDiscEvent
    -------------------------------------------------------------------------
<BANKED_CODE,CODE_C> 1 (was BANKED_CODE)
  Relative segment, address: CODE 00001C8E - 00001C93 (0x6 bytes), align: 0
  Segment part 55.            Intra module refs:   Segment part 43
                                                   Segment part 54
                                                   Segment part 66
                                                   gapFreeScanRecs
    -------------------------------------------------------------------------
<BANKED_CODE,CODE_C> 1 (was BANKED_CODE)
  Relative segment, address: CODE 00001C94 - 00001CA5 (0x12 bytes), align: 0
  Segment part 56.            Intra module refs:   gapProcessAdvertDevInfo
                                                   gapSendDevDiscEvent
    -------------------------------------------------------------------------
<BANKED_CODE,CODE_C> 1 (was BANKED_CODE)
  Relative segment, address: CODE 00001CA6 - 00001CC8 (0x23 bytes), align: 0
  Segment part 57.            Intra module refs:   gapSendScanEnable::?relay
           LOCAL                   ADDRESS         
           =====                   =======         
           gapSendScanEnable       00001CA6 
               calls direct
               XSTACK = 0000000C ( 0000000A )
    -------------------------------------------------------------------------
<BANKED_CODE,CODE_C> 1 (was BANKED_CODE)
  Relative segment, address: CODE 00001CC9 - 00001DC9 (0x101 bytes), align: 0
  Segment part 59.            Intra module refs:   gapSendDeviceInfoEvent::?relay
           LOCAL                   ADDRESS         
           =====                   =======         
           gapSendDeviceInfoEvent
                                   00001CC9 
               calls direct
               XSTACK = 0000000C ( 00000010 )
               ISTACK = 00000000 ( 00000001 )
    -------------------------------------------------------------------------
<BANKED_CODE,CODE_C> 1 (was BANKED_CODE)
  Relative segment, address: CODE 00001DCA - 00001DD0 (0x7 bytes), align: 0
  Segment part 61.            Intra module refs:   gapProcessAdvertDevInfo
                                                   gapSendDevDiscEvent
    -------------------------------------------------------------------------
<BANKED_CODE,CODE_C> 1 (was BANKED_CODE)
  Relative segment, address: CODE 00001DD1 - 00001DD3 (0x3 bytes), align: 0
  Segment part 62.            Intra module refs:   Segment part 61
                                                   gapSendDeviceInfoEvent
    -------------------------------------------------------------------------
<BANKED_CODE,CODE_C> 1 (was BANKED_CODE)
  Relative segment, address: CODE 00001DD4 - 00001DD9 (0x6 bytes), align: 0
  Segment part 63.            Intra module refs:   Segment part 62
                                                   gapProcessAdvertDevInfo
    -------------------------------------------------------------------------
<BANKED_CODE,CODE_C> 1 (was BANKED_CODE)
  Relative segment, address: CODE 00001DDA - 00001DE1 (0x8 bytes), align: 0
  Segment part 64.            Intra module refs:   gapSendDevDiscEvent
                                                   gapSendDeviceInfoEvent
    -------------------------------------------------------------------------
<BANKED_CODE,CODE_C> 1 (was BANKED_CODE)
  Relative segment, address: CODE 00001DE2 - 00001DEA (0x9 bytes), align: 0
  Segment part 65.            Intra module refs:   gapSendDeviceInfoEvent
    -------------------------------------------------------------------------
<BANKED_CODE,CODE_C> 1 (was BANKED_CODE)
  Relative segment, address: CODE 00001DEB - 00001DF3 (0x9 bytes), align: 0
  Segment part 66.            Intra module refs:   GAP_DeviceDiscoveryRequest
                                                   gapSendDeviceInfoEvent
    -------------------------------------------------------------------------
<BANKED_CODE,CODE_C> 1 (was BANKED_CODE)
  Relative segment, address: CODE 00001DF4 - 00001E00 (0xd bytes), align: 0
  Segment part 67.            Intra module refs:   gapSendDevDiscEvent
                                                   gapSendDeviceInfoEvent
    -------------------------------------------------------------------------
XDATA_ID
  Relative segment, address: CODE 0000014E - 00000151 (0x4 bytes), align: 0
  Segment part 9.             Intra module refs:   Segment part 8
    -------------------------------------------------------------------------
BANK_RELAYS
  Relative segment, address: CODE 000001BE - 000001C3 (0x6 bytes), align: 0
  Segment part 13.
           ENTRY                   ADDRESS         REF BY
           =====                   =======         ======
           GAP_DeviceDiscoveryRequest::?relay
                                   000001BE        GAPObserverRole_StartDiscovery (observer)
    -------------------------------------------------------------------------
BANK_RELAYS
  Relative segment, address: CODE 000001C4 - 000001C9 (0x6 bytes), align: 0
  Segment part 19.
           ENTRY                   ADDRESS         REF BY
           =====                   =======         ======
           GAP_DeviceDiscoveryCancel::?relay
                                   000001C4        GAPObserverRole_CancelDiscovery (observer)
    -------------------------------------------------------------------------
BANK_RELAYS
  Relative segment, address: CODE 000001CA - 000001CF (0x6 bytes), align: 0
  Segment part 22.
           ENTRY                   ADDRESS         REF BY
           =====                   =======         ======
           GAP_CentDevMgrInit::?relay
                                   000001CA        GAP_DeviceInit (gap)
    -------------------------------------------------------------------------
BANK_RELAYS
  Relative segment, address: CODE 000001D0 - 000001D5 (0x6 bytes), align: 0
  Segment part 26.            Intra module refs:   Segment part 9
           LOCAL                   ADDRESS         
           =====                   =======         
           gapCentProcessHCICmdEvt::?relay
                                   000001D0 
    -------------------------------------------------------------------------
BANK_RELAYS
  Relative segment, address: CODE 000001D6 - 000001DB (0x6 bytes), align: 0
  Segment part 33.            Intra module refs:   gapCentProcessHCICmdEvt
           ENTRY                   ADDRESS         REF BY
           =====                   =======         ======
           gapSetScanParamStatus::?relay
                                   000001D6 
    -------------------------------------------------------------------------
BANK_RELAYS
  Relative segment, address: CODE 000001DC - 000001E1 (0x6 bytes), align: 0
  Segment part 36.            Intra module refs:   Segment part 9
           LOCAL                   ADDRESS         
           =====                   =======         
           gapProcessScanningEvt::?relay
                                   000001DC 
    -------------------------------------------------------------------------
BANK_RELAYS
  Relative segment, address: CODE 000001E2 - 000001E7 (0x6 bytes), align: 0
  Segment part 39.            Intra module refs:   GAP_CentDevMgrInit
                                                   gapSendDevDiscEvent
           LOCAL                   ADDRESS         
           =====                   =======         
           gapFreeScanRecs::?relay
                                   000001E2 
    -------------------------------------------------------------------------
BANK_RELAYS
  Relative segment, address: CODE 000001E8 - 000001ED (0x6 bytes), align: 0
  Segment part 46.            Intra module refs:   gapProcessScanningEvt
           LOCAL                   ADDRESS         
           =====                   =======         
           gapProcessAdvertDevInfo::?relay
                                   000001E8 
    -------------------------------------------------------------------------
BANK_RELAYS
  Relative segment, address: CODE 000001EE - 000001F3 (0x6 bytes), align: 0
  Segment part 51.            Intra module refs:   Segment part 37
                                                   gapSetScanParamStatus
           LOCAL                   ADDRESS         
           =====                   =======         
           gapSendDevDiscEvent::?relay
                                   000001EE 
    -------------------------------------------------------------------------
BANK_RELAYS
  Relative segment, address: CODE 000001F4 - 000001F9 (0x6 bytes), align: 0
  Segment part 58.            Intra module refs:   Segment part 37
                                                   gapSetScanParamStatus
           LOCAL                   ADDRESS         
           =====                   =======         
           gapSendScanEnable::?relay
                                   000001F4 
    -------------------------------------------------------------------------
BANK_RELAYS
  Relative segment, address: CODE 000001FA - 000001FF (0x6 bytes), align: 0
  Segment part 60.            Intra module refs:   gapProcessScanningEvt
           LOCAL                   ADDRESS         
           =====                   =======         
           gapSendDeviceInfoEvent::?relay
                                   000001FA 

    -------------------------------------------------------------------------
  LIBRARY MODULE, NAME : gap_configmgr

  SEGMENTS IN THE MODULE
  ======================
XDATA_I
  Relative segment, address: XDATA 00000461 - 00000461 (0x1 bytes), align: 0
  Segment part 6.             Intra module refs:   GAP_ParamsInit
                                                   gapProcessRandomAddrComplete
                                                   gapSendDeviceInitDoneEvent
           ENTRY                   ADDRESS         REF BY
           =====                   =======         ======
           gapAppTaskID            00000461 
    -------------------------------------------------------------------------
XDATA_Z
  Relative segment, address: XDATA 00000284 - 00000284 (0x1 bytes), align: 0
  Segment part 8.             Intra module refs:   GAP_ParamsInit
           ENTRY                   ADDRESS         REF BY
           =====                   =======         ======
           gapProfileRole          00000284        GAP_CentDevMgrInit (gap_centdevmgr)
                                                   GAP_DeviceDiscoveryRequest (gap_centdevmgr)
    -------------------------------------------------------------------------
XDATA_Z
  Relative segment, address: XDATA 00000285 - 00000285 (0x1 bytes), align: 0
  Segment part 9.             Intra module refs:   gapProcessRandomAddrComplete
           ENTRY                   ADDRESS         REF BY
           =====                   =======         ======
           gapDeviceAddrMode       00000285        GAP_DeviceDiscoveryRequest (gap_centdevmgr)
    -------------------------------------------------------------------------
XDATA_Z
  Relative segment, address: XDATA 00000286 - 00000286 (0x1 bytes), align: 0
  Segment part 11.            Intra module refs:   gapProcessRandomAddrComplete
           ENTRY                   ADDRESS         REF BY
           =====                   =======         ======
           gapAutoAdvPrivateAddrChange
                                   00000286 
    -------------------------------------------------------------------------
XDATA_Z
  Relative segment, address: XDATA 00000287 - 00000296 (0x10 bytes), align: 0
  Segment part 12.            Intra module refs:   GAP_ParamsInit
                                                   gapReadBD_ADDRStatus
                                                   gapReadBufSizeCmdStatus
                                                   gapSendDeviceInitDoneEvent
    -------------------------------------------------------------------------
XDATA_I
  Relative segment, address: XDATA 00000462 - 000004AD (0x4c bytes), align: 0
  Segment part 13.            Intra module refs:   Segment part 22
    -------------------------------------------------------------------------
XDATA_Z
  Relative segment, address: XDATA 00000297 - 0000029C (0x6 bytes), align: 0
  Segment part 15.            Intra module refs:   gapProcessRandomAddrComplete
    -------------------------------------------------------------------------
<BANKED_CODE,CODE_C> 1 (was BANKED_CODE)
  Relative segment, address: CODE 00006049 - 00006070 (0x28 bytes), align: 0
  Segment part 18.            Intra module refs:   GAP_SetParamValue::?relay
           ENTRY                   ADDRESS         REF BY
           =====                   =======         ======
           GAP_SetParamValue       00006049 
               ISTACK = 00000000 ( 00000002 )
    -------------------------------------------------------------------------
<BANKED_CODE,CODE_C> 1 (was BANKED_CODE)
  Relative segment, address: CODE 00006071 - 0000608C (0x1c bytes), align: 0
  Segment part 20.            Intra module refs:   GAP_GetParamValue::?relay
           ENTRY                   ADDRESS         REF BY
           =====                   =======         ======
           GAP_GetParamValue       00006071 
               XSTACK = 00000014 ( 00000000 )
               ISTACK = 00000000 ( 00000002 )
    -------------------------------------------------------------------------
<BANKED_CODE,CODE_C> 1 (was BANKED_CODE)
  Relative segment, address: CODE 0000608D - 0000609E (0x12 bytes), align: 0
  Segment part 22.            Intra module refs:   GAP_GetParamValue
                                                   GAP_SetParamValue
    -------------------------------------------------------------------------
<BANKED_CODE,CODE_C> 1 (was BANKED_CODE)
  Relative segment, address: CODE 0000609F - 000060D0 (0x32 bytes), align: 0
  Segment part 23.            Intra module refs:   GAP_ParamsInit::?relay
           ENTRY                   ADDRESS         REF BY
           =====                   =======         ======
           GAP_ParamsInit          0000609F 
               calls direct
               XSTACK = 00000000 ( 00000009 )
    -------------------------------------------------------------------------
<BANKED_CODE,CODE_C> 1 (was BANKED_CODE)
  Relative segment, address: CODE 000060D1 - 000060D5 (0x5 bytes), align: 0
  Segment part 25.            Intra module refs:   GAP_ParamsInit
                                                   gapReadBufSizeCmdStatus
    -------------------------------------------------------------------------
<BANKED_CODE,CODE_C> 1 (was BANKED_CODE)
  Relative segment, address: CODE 000060D6 - 000060DB (0x6 bytes), align: 0
  Segment part 31.            Intra module refs:   GAP_GetParamValue
    -------------------------------------------------------------------------
<BANKED_CODE,CODE_C> 1 (was BANKED_CODE)
  Relative segment, address: CODE 000060DC - 0000611F (0x44 bytes), align: 0
  Segment part 32.            Intra module refs:   gapReadBD_ADDRStatus::?relay
           ENTRY                   ADDRESS         REF BY
           =====                   =======         ======
           gapReadBD_ADDRStatus    000060DC 
               calls direct
               XSTACK = 00000000 ( 0000000C )
    -------------------------------------------------------------------------
<BANKED_CODE,CODE_C> 1 (was BANKED_CODE)
  Relative segment, address: CODE 00006120 - 00006124 (0x5 bytes), align: 0
  Segment part 34.            Intra module refs:   gapReadBD_ADDRStatus
    -------------------------------------------------------------------------
<BANKED_CODE,CODE_C> 1 (was BANKED_CODE)
  Relative segment, address: CODE 00006125 - 0000616F (0x4b bytes), align: 0
  Segment part 35.            Intra module refs:   gapReadBufSizeCmdStatus::?relay
           ENTRY                   ADDRESS         REF BY
           =====                   =======         ======
           gapReadBufSizeCmdStatus
                                   00006125 
               calls direct
               XSTACK = 00000000 ( 00000009 )
    -------------------------------------------------------------------------
<BANKED_CODE,CODE_C> 1 (was BANKED_CODE)
  Relative segment, address: CODE 00006170 - 00006176 (0x7 bytes), align: 0
  Segment part 42.            Intra module refs:   GAP_GetParamValue
                                                   GAP_SetParamValue
                                                   gapDetermineAddrType
    -------------------------------------------------------------------------
<BANKED_CODE,CODE_C> 1 (was BANKED_CODE)
  Relative segment, address: CODE 00006177 - 000061A4 (0x2e bytes), align: 0
  Segment part 43.            Intra module refs:   gapDetermineAddrType::?relay
           ENTRY                   ADDRESS         REF BY
           =====                   =======         ======
           gapDetermineAddrType    00006177 
               ISTACK = 00000000 ( 00000002 )
    -------------------------------------------------------------------------
<BANKED_CODE,CODE_C> 1 (was BANKED_CODE)
  Relative segment, address: CODE 000061A5 - 0000622D (0x89 bytes), align: 0
  Segment part 45.            Intra module refs:   gapProcessRandomAddrComplete::?relay
           ENTRY                   ADDRESS         REF BY
           =====                   =======         ======
           gapProcessRandomAddrComplete
                                   000061A5 
               calls direct
               XSTACK = 00000000 ( 00000010 )
               ISTACK = 00000000 ( 00000001 )
    -------------------------------------------------------------------------
<BANKED_CODE,CODE_C> 1 (was BANKED_CODE)
  Relative segment, address: CODE 0000622E - 00006232 (0x5 bytes), align: 0
  Segment part 47.            Intra module refs:   gapProcessRandomAddrComplete
                                                   gapSendDeviceInitDoneEvent
    -------------------------------------------------------------------------
<BANKED_CODE,CODE_C> 1 (was BANKED_CODE)
  Relative segment, address: CODE 00006233 - 00006233 (0x1 bytes), align: 0
  Segment part 48.            Intra module refs:   gapProcessRandomAddrComplete
                                                   gapReadBufSizeCmdStatus
    -------------------------------------------------------------------------
<BANKED_CODE,CODE_C> 1 (was BANKED_CODE)
  Relative segment, address: CODE 00006234 - 00006239 (0x6 bytes), align: 0
  Segment part 49.            Intra module refs:   Segment part 48
                                                   gapProcessRandomAddrComplete
                                                   gapSendDeviceInitDoneEvent
    -------------------------------------------------------------------------
<BANKED_CODE,CODE_C> 1 (was BANKED_CODE)
  Relative segment, address: CODE 0000623A - 00006243 (0xa bytes), align: 0
  Segment part 50.            Intra module refs:   gapProcessRandomAddrComplete
                                                   gapSendDeviceInitDoneEvent
    -------------------------------------------------------------------------
<BANKED_CODE,CODE_C> 1 (was BANKED_CODE)
  Relative segment, address: CODE 00006244 - 0000624B (0x8 bytes), align: 0
  Segment part 51.            Intra module refs:   Segment part 50
    -------------------------------------------------------------------------
<BANKED_CODE,CODE_C> 1 (was BANKED_CODE)
  Relative segment, address: CODE 0000624C - 000062B9 (0x6e bytes), align: 0
  Segment part 67.            Intra module refs:   gapSendDeviceInitDoneEvent::?relay
           LOCAL                   ADDRESS         
           =====                   =======         
           gapSendDeviceInitDoneEvent
                                   0000624C 
               calls direct
               XSTACK = 0000000A ( 0000000E )
               ISTACK = 00000000 ( 00000001 )
    -------------------------------------------------------------------------
<BANKED_CODE,CODE_C> 1 (was BANKED_CODE)
  Relative segment, address: CODE 000062BA - 000062C9 (0x10 bytes), align: 0
  Segment part 69.            Intra module refs:   gapProcessRandomAddrComplete
                                                   gapSendDeviceInitDoneEvent
    -------------------------------------------------------------------------
<BANKED_CODE,CODE_C> 1 (was BANKED_CODE)
  Relative segment, address: CODE 000062CA - 000062CD (0x4 bytes), align: 0
  Segment part 72.            Intra module refs:   gapProcessRandomAddrComplete
    -------------------------------------------------------------------------
<BANKED_CODE,CODE_C> 1 (was BANKED_CODE)
  Relative segment, address: CODE 000062CE - 000062CE (0x1 bytes), align: 0
  Segment part 73.            Intra module refs:   Segment part 72
                                                   gapSendDeviceInitDoneEvent
    -------------------------------------------------------------------------
<BANKED_CODE,CODE_C> 1 (was BANKED_CODE)
  Relative segment, address: CODE 000062CF - 000062D1 (0x3 bytes), align: 0
  Segment part 74.            Intra module refs:   Segment part 73
    -------------------------------------------------------------------------
<BANKED_CODE,CODE_C> 1 (was BANKED_CODE)
  Relative segment, address: CODE 000062D2 - 000062D7 (0x6 bytes), align: 0
  Segment part 75.            Intra module refs:   Segment part 74
                                                   gapReadBD_ADDRStatus
    -------------------------------------------------------------------------
<BANKED_CODE,CODE_C> 1 (was BANKED_CODE)
  Relative segment, address: CODE 000062D8 - 000062E0 (0x9 bytes), align: 0
  Segment part 76.            Intra module refs:   gapReadBufSizeCmdStatus
    -------------------------------------------------------------------------
XDATA_ID
  Relative segment, address: CODE 00000152 - 00000152 (0x1 bytes), align: 0
  Segment part 7.             Intra module refs:   gapAppTaskID
    -------------------------------------------------------------------------
XDATA_ID
  Relative segment, address: CODE 00000153 - 0000019E (0x4c bytes), align: 0
  Segment part 14.            Intra module refs:   Segment part 13
    -------------------------------------------------------------------------
<XDATA_ROM_C> 1 (was XDATA_ROM_C)
  Relative segment, address: CONST 0000811B - 0000811E (0x4 bytes), align: 0
  Segment part 16.            Intra module refs:   gapProcessRandomAddrComplete
           ENTRY                   ADDRESS         REF BY
           =====                   =======         ======
           __Constant_ea60         0000811B 
    -------------------------------------------------------------------------
<XDATA_ROM_C> 1 (was XDATA_ROM_C)
  Relative segment, address: CONST 00008113 - 00008116 (0x4 bytes), align: 0
  Segment part 17.            Intra module refs:   LL_TimeToNextRfEvent (ll_sleep)
           ENTRY                   ADDRESS         REF BY
           =====                   =======         ======
           __Constant_1            00008113 
    -------------------------------------------------------------------------
BANK_RELAYS
  Relative segment, address: CODE 00000200 - 00000205 (0x6 bytes), align: 0
  Segment part 19.
           ENTRY                   ADDRESS         REF BY
           =====                   =======         ======
           GAP_SetParamValue::?relay
                                   00000200        SimpleBLEObserver_Init (simpleBLEObserver)
    -------------------------------------------------------------------------
BANK_RELAYS
  Relative segment, address: CODE 00000206 - 0000020B (0x6 bytes), align: 0
  Segment part 21.
           ENTRY                   ADDRESS         REF BY
           =====                   =======         ======
           GAP_GetParamValue::?relay
                                   00000206        GAP_DeviceDiscoveryRequest (gap_centdevmgr)
                                                   Segment part 34 (gap_centdevmgr)
                                                   gapProcessScanningEvt (gap_centdevmgr)
                                                   gapSendScanEnable (gap_centdevmgr)
    -------------------------------------------------------------------------
BANK_RELAYS
  Relative segment, address: CODE 0000020C - 00000211 (0x6 bytes), align: 0
  Segment part 24.
           ENTRY                   ADDRESS         REF BY
           =====                   =======         ======
           GAP_ParamsInit::?relay
                                   0000020C        GAP_DeviceInit (gap)
    -------------------------------------------------------------------------
BANK_RELAYS
  Relative segment, address: CODE 00000212 - 00000217 (0x6 bytes), align: 0
  Segment part 33.
           ENTRY                   ADDRESS         REF BY
           =====                   =======         ======
           gapReadBD_ADDRStatus::?relay
                                   00000212        gapProcessHCICmdCompleteEvt (gap_simpletask)
    -------------------------------------------------------------------------
BANK_RELAYS
  Relative segment, address: CODE 00000218 - 0000021D (0x6 bytes), align: 0
  Segment part 36.
           ENTRY                   ADDRESS         REF BY
           =====                   =======         ======
           gapReadBufSizeCmdStatus::?relay
                                   00000218        gapProcessHCICmdCompleteEvt (gap_simpletask)
    -------------------------------------------------------------------------
BANK_RELAYS
  Relative segment, address: CODE 0000021E - 00000223 (0x6 bytes), align: 0
  Segment part 44.
           ENTRY                   ADDRESS         REF BY
           =====                   =======         ======
           gapDetermineAddrType::?relay
                                   0000021E        gapProcessAdvertDevInfo (gap_centdevmgr)
    -------------------------------------------------------------------------
BANK_RELAYS
  Relative segment, address: CODE 00000224 - 00000229 (0x6 bytes), align: 0
  Segment part 46.
           ENTRY                   ADDRESS         REF BY
           =====                   =======         ======
           gapProcessRandomAddrComplete::?relay
                                   00000224        gapProcessHCICmdCompleteEvt (gap_simpletask)
    -------------------------------------------------------------------------
BANK_RELAYS
  Relative segment, address: CODE 0000022A - 0000022F (0x6 bytes), align: 0
  Segment part 68.            Intra module refs:   gapReadBD_ADDRStatus
                                                   gapReadBufSizeCmdStatus
           LOCAL                   ADDRESS         
           =====                   =======         
           gapSendDeviceInitDoneEvent::?relay
                                   0000022A 
    -------------------------------------------------------------------------
<XDATA_ROM_C_FLASH> 1 (was XDATA_ROM_C_FLASH)
  Relative segment, address: CODE 0000811B - 0000811E (0x4 bytes), align: 0
  Segment part 77.            Intra module refs:   __Constant_ea60
    -------------------------------------------------------------------------
<XDATA_ROM_C_FLASH> 1 (was XDATA_ROM_C_FLASH)
  Relative segment, address: CODE 00008113 - 00008116 (0x4 bytes), align: 0
  Segment part 78.            Intra module refs:   __Constant_1

    -------------------------------------------------------------------------
  LIBRARY MODULE, NAME : gap_devmgr

  SEGMENTS IN THE MODULE
  ======================
XDATA_Z
  Relative segment, address: XDATA 0000029D - 0000029E (0x2 bytes), align: 0
  Segment part 6.
           ENTRY                   ADDRESS         REF BY
           =====                   =======         ======
           pGapDiscReq             0000029D        GAP_DeviceDiscoveryRequest (gap_centdevmgr)
                                                   Segment part 16 (gap_centdevmgr)
                                                   Segment part 47 (gap_centdevmgr)
                                                   gapSendDevDiscEvent (gap_centdevmgr)
    -------------------------------------------------------------------------
<BANKED_CODE,CODE_C> 1 (was BANKED_CODE)
  Relative segment, address: CODE 0000745C - 00007473 (0x18 bytes), align: 0
  Segment part 15.            Intra module refs:   gapValidADType::?relay
           ENTRY                   ADDRESS         REF BY
           =====                   =======         ======
           gapValidADType          0000745C 
               XSTACK = 00000012 ( 00000000 )
    -------------------------------------------------------------------------
<BANKED_CODE,CODE_C> 1 (was BANKED_CODE)
  Relative segment, address: CODE 00007474 - 0000750C (0x99 bytes), align: 0
  Segment part 17.            Intra module refs:   gapFindADType::?relay
           ENTRY                   ADDRESS         REF BY
           =====                   =======         ======
           gapFindADType           00007474 
               calls direct
               XSTACK = 00000002 ( 00000012 )
               ISTACK = 00000000 ( 00000001 )
    -------------------------------------------------------------------------
BANK_RELAYS
  Relative segment, address: CODE 00000230 - 00000235 (0x6 bytes), align: 0
  Segment part 16.            Intra module refs:   gapFindADType
           ENTRY                   ADDRESS         REF BY
           =====                   =======         ======
           gapValidADType::?relay
                                   00000230 
    -------------------------------------------------------------------------
BANK_RELAYS
  Relative segment, address: CODE 00000236 - 0000023B (0x6 bytes), align: 0
  Segment part 18.
           ENTRY                   ADDRESS         REF BY
           =====                   =======         ======
           gapFindADType::?relay   00000236        gapProcessAdvertDevInfo (gap_centdevmgr)

    -------------------------------------------------------------------------
  LIBRARY MODULE, NAME : gap_simpletask

  SEGMENTS IN THE MODULE
  ======================
XDATA_Z
  Relative segment, address: XDATA 0000029F - 0000029F (0x1 bytes), align: 0
  Segment part 6.             Intra module refs:   GAP_Init
                                                   GAP_ProcessEvent
           ENTRY                   ADDRESS         REF BY
           =====                   =======         ======
           gapTaskID               0000029F        GAP_DeviceDiscoveryCancel (gap_centdevmgr)
                                                   gapProcessRandomAddrComplete (gap_configmgr)
                                                   gapSetScanParamStatus (gap_centdevmgr)
    -------------------------------------------------------------------------
XDATA_I
  Relative segment, address: XDATA 000004AE - 000004AE (0x1 bytes), align: 0
  Segment part 7.             Intra module refs:   GAP_ProcessEvent
                                                   GAP_RegisterForHCIMsgs
           ENTRY                   ADDRESS         REF BY
           =====                   =======         ======
           gapUnwantedTaskID       000004AE 
    -------------------------------------------------------------------------
XDATA_Z
  Relative segment, address: XDATA 000002A0 - 000002A1 (0x2 bytes), align: 0
  Segment part 9.             Intra module refs:   GAP_ProcessEvent
                                                   gapProcessHCICmdCompleteEvt
           ENTRY                   ADDRESS         REF BY
           =====                   =======         ======
           pfnPeripheralCBs        000002A0        gapProcessRandomAddrComplete (gap_configmgr)
    -------------------------------------------------------------------------
XDATA_Z
  Relative segment, address: XDATA 000002A2 - 000002A3 (0x2 bytes), align: 0
  Segment part 10.            Intra module refs:   Segment part 26
                                                   gapRegisterCentral
    -------------------------------------------------------------------------
<BANKED_CODE,CODE_C> 1 (was BANKED_CODE)
  Relative segment, address: CODE 0000651B - 00006525 (0xb bytes), align: 0
  Segment part 11.            Intra module refs:   GAP_RegisterForHCIMsgs::?relay
           ENTRY                   ADDRESS         REF BY
           =====                   =======         ======
           GAP_RegisterForHCIMsgs
                                   0000651B 
               ISTACK = 00000000 ( 00000002 )
    -------------------------------------------------------------------------
<BANKED_CODE,CODE_C> 1 (was BANKED_CODE)
  Relative segment, address: CODE 00006526 - 00006537 (0x12 bytes), align: 0
  Segment part 13.            Intra module refs:   GAP_Init::?relay
           ENTRY                   ADDRESS         REF BY
           =====                   =======         ======
           GAP_Init                00006526 
               calls direct
               XSTACK = 00000000 ( 00000009 )
    -------------------------------------------------------------------------
<BANKED_CODE,CODE_C> 1 (was BANKED_CODE)
  Relative segment, address: CODE 00006538 - 00006608 (0xd1 bytes), align: 0
  Segment part 15.            Intra module refs:   GAP_ProcessEvent::?relay
           ENTRY                   ADDRESS         REF BY
           =====                   =======         ======
           GAP_ProcessEvent        00006538 
               calls direct
               XSTACK = 00000000 ( 0000000C )
    -------------------------------------------------------------------------
<BANKED_CODE,CODE_C> 1 (was BANKED_CODE)
  Relative segment, address: CODE 00006609 - 0000660D (0x5 bytes), align: 0
  Segment part 17.            Intra module refs:   GAP_ProcessEvent
    -------------------------------------------------------------------------
<BANKED_CODE,CODE_C> 1 (was BANKED_CODE)
  Relative segment, address: CODE 0000660E - 00006615 (0x8 bytes), align: 0
  Segment part 18.            Intra module refs:   Segment part 17
                                                   gapProcessHCICmdCompleteEvt
    -------------------------------------------------------------------------
<BANKED_CODE,CODE_C> 1 (was BANKED_CODE)
  Relative segment, address: CODE 00006616 - 0000661A (0x5 bytes), align: 0
  Segment part 19.            Intra module refs:   GAP_NumActiveConnections::?relay
           ENTRY                   ADDRESS         REF BY
           =====                   =======         ======
           GAP_NumActiveConnections
                                   00006616 
    -------------------------------------------------------------------------
<BANKED_CODE,CODE_C> 1 (was BANKED_CODE)
  Relative segment, address: CODE 0000661B - 000066D5 (0xbb bytes), align: 0
  Segment part 21.            Intra module refs:   gapProcessHCICmdCompleteEvt::?relay
           LOCAL                   ADDRESS         
           =====                   =======         
           gapProcessHCICmdCompleteEvt
                                   0000661B 
               calls direct
               XSTACK = 0000000C ( 0000000B )
    -------------------------------------------------------------------------
<BANKED_CODE,CODE_C> 1 (was BANKED_CODE)
  Relative segment, address: CODE 000066D6 - 000066DF (0xa bytes), align: 0
  Segment part 23.            Intra module refs:   Segment part 18
                                                   gapProcessHCICmdCompleteEvt
    -------------------------------------------------------------------------
<BANKED_CODE,CODE_C> 1 (was BANKED_CODE)
  Relative segment, address: CODE 000066E0 - 000066E5 (0x6 bytes), align: 0
  Segment part 24.            Intra module refs:   Segment part 17
                                                   Segment part 25
                                                   gapProcessHCICmdCompleteEvt
    -------------------------------------------------------------------------
<BANKED_CODE,CODE_C> 1 (was BANKED_CODE)
  Relative segment, address: CODE 000066E6 - 000066F6 (0x11 bytes), align: 0
  Segment part 25.            Intra module refs:   gapProcessHCICmdCompleteEvt
    -------------------------------------------------------------------------
<BANKED_CODE,CODE_C> 1 (was BANKED_CODE)
  Relative segment, address: CODE 000066F7 - 000066F9 (0x3 bytes), align: 0
  Segment part 26.            Intra module refs:   GAP_ProcessEvent
                                                   gapProcessHCICmdCompleteEvt
    -------------------------------------------------------------------------
<BANKED_CODE,CODE_C> 1 (was BANKED_CODE)
  Relative segment, address: CODE 000066FA - 00006701 (0x8 bytes), align: 0
  Segment part 27.            Intra module refs:   GAP_ProcessEvent
                                                   Segment part 26
                                                   gapProcessHCICmdCompleteEvt
    -------------------------------------------------------------------------
<BANKED_CODE,CODE_C> 1 (was BANKED_CODE)
  Relative segment, address: CODE 00006702 - 00006708 (0x7 bytes), align: 0
  Segment part 28.            Intra module refs:   gapRegisterCentral::?relay
           ENTRY                   ADDRESS         REF BY
           =====                   =======         ======
           gapRegisterCentral      00006702 
               ISTACK = 00000000 ( 00000002 )
    -------------------------------------------------------------------------
<BANKED_CODE,CODE_C> 1 (was BANKED_CODE)
  Relative segment, address: CODE 00006709 - 0000670C (0x4 bytes), align: 0
  Segment part 30.            Intra module refs:   gapRegisterCentral
    -------------------------------------------------------------------------
<BANKED_CODE,CODE_C> 1 (was BANKED_CODE)
  Relative segment, address: CODE 0000670D - 00006714 (0x8 bytes), align: 0
  Segment part 31.            Intra module refs:   GAP_RegisterForHCIMsgs
                                                   Segment part 30
    -------------------------------------------------------------------------
XDATA_ID
  Relative segment, address: CODE 0000019F - 0000019F (0x1 bytes), align: 0
  Segment part 8.             Intra module refs:   gapUnwantedTaskID
    -------------------------------------------------------------------------
BANK_RELAYS
  Relative segment, address: CODE 0000023C - 00000241 (0x6 bytes), align: 0
  Segment part 12.
           ENTRY                   ADDRESS         REF BY
           =====                   =======         ======
           GAP_RegisterForHCIMsgs::?relay
                                   0000023C        GAPObserverRole_Init (observer)
    -------------------------------------------------------------------------
BANK_RELAYS
  Relative segment, address: CODE 00000242 - 00000247 (0x6 bytes), align: 0
  Segment part 14.
           ENTRY                   ADDRESS         REF BY
           =====                   =======         ======
           GAP_Init::?relay        00000242        osalInitTasks (OSAL_SimpleBLEObserver)
    -------------------------------------------------------------------------
BANK_RELAYS
  Relative segment, address: CODE 00000248 - 0000024D (0x6 bytes), align: 0
  Segment part 16.
           ENTRY                   ADDRESS         REF BY
           =====                   =======         ======
           GAP_ProcessEvent::?relay
                                   00000248        tasksArr (OSAL_SimpleBLEObserver)
    -------------------------------------------------------------------------
BANK_RELAYS
  Relative segment, address: CODE 0000024E - 00000253 (0x6 bytes), align: 0
  Segment part 20.
           ENTRY                   ADDRESS         REF BY
           =====                   =======         ======
           GAP_NumActiveConnections::?relay
                                   0000024E        GAP_DeviceDiscoveryRequest (gap_centdevmgr)
    -------------------------------------------------------------------------
BANK_RELAYS
  Relative segment, address: CODE 00000254 - 00000259 (0x6 bytes), align: 0
  Segment part 22.            Intra module refs:   GAP_ProcessEvent
           LOCAL                   ADDRESS         
           =====                   =======         
           gapProcessHCICmdCompleteEvt::?relay
                                   00000254 
[...]
  Segment part 4.             Intra module refs:   ?PUSH_XSTACK_I_FOUR
                                                   ?PUSH_XSTACK_I_ONE
                                                   ?PUSH_XSTACK_I_TWO
           ENTRY                   ADDRESS         REF BY
           =====                   =======         ======
           ?PUSH_XSTACK_I          00000C8F 

    -------------------------------------------------------------------------
  LIBRARY MODULE, NAME : ?PUSH_XSTACK8_X

  SEGMENTS IN THE MODULE
  ======================
RCODE
  Relative segment, address: CODE 00000C9C - 00000C9F (0x4 bytes), align: 0
  Segment part 1.
           ENTRY                   ADDRESS         REF BY
           =====                   =======         ======
           ?PUSH_XSTACK8_X_FOUR    00000C9C        Hal_ProcessEvent (hal_drivers)
                                                   LL_ProcessEvent (ll)
                                                   gapProcessRandomAddrComplete (gap_configmgr)
                                                   halProcessKeyInterrupt (hal_key)
                                                   halSleep (hal_sleep)
                                                   llScheduler (ll_scheduler)
    -------------------------------------------------------------------------
RCODE
  Relative segment, address: CODE 00000CA0 - 00000CA3 (0x4 bytes), align: 0
  Segment part 3.
           ENTRY                   ADDRESS         REF BY
           =====                   =======         ======
           ?PUSH_XSTACK8_X_TWO     00000CA0        llScheduleTask (ll_scheduler)
    -------------------------------------------------------------------------
RCODE
  Relative segment, address: CODE 00000CA4 - 00000CCC (0x29 bytes), align: 0
  Segment part 5.             Intra module refs:   ?PUSH_XSTACK8_X_FOUR
                                                   ?PUSH_XSTACK8_X_TWO
           ENTRY                   ADDRESS         REF BY
           =====                   =======         ======
           ?PUSH_XSTACK8_X         00000CA4 

    -------------------------------------------------------------------------
  LIBRARY MODULE, NAME : ?US_SWITCH_DENSE

  SEGMENTS IN THE MODULE
  ======================
RCODE
  Relative segment, address: CODE 00000CCD - 00000CD3 (0x7 bytes), align: 0
  Segment part 0.
           ENTRY                   ADDRESS         REF BY
           =====                   =======         ======
           ?US_SWITCH_DENSE        00000CCD        gapCentProcessHCICmdEvt (gap_centdevmgr)
    -------------------------------------------------------------------------
RCODE
  Relative segment, address: CODE 00000CD4 - 00000D11 (0x3e bytes), align: 0
  Segment part 2.             Intra module refs:   ?US_SWITCH_DENSE
    -------------------------------------------------------------------------
RCODE
  Relative segment, address: CODE 00000D12 - 00000D12 (0x1 bytes), align: 0
  Segment part 4.             Intra module refs:   ?US_SWITCH_DENSE

    -------------------------------------------------------------------------
  LIBRARY MODULE, NAME : ?US_SWITCH_SPARSE

  SEGMENTS IN THE MODULE
  ======================
RCODE
  Relative segment, address: CODE 00000D13 - 00000D1C (0xa bytes), align: 0
  Segment part 0.
           ENTRY                   ADDRESS         REF BY
           =====                   =======         ======
           ?US_SWITCH_SPARSE       00000D13        gapProcessHCICmdCompleteEvt (gap_simpletask)
    -------------------------------------------------------------------------
RCODE
  Relative segment, address: CODE 00000D1D - 00000D5D (0x41 bytes), align: 0
  Segment part 2.             Intra module refs:   ?US_SWITCH_SPARSE
           ENTRY                   ADDRESS         REF BY
           =====                   =======         ======
           ?US_SWITCH_SPARSE_LEAVE
                                   00000D4F        ?US_JMP_IF_IN_RANGE (?US_JMP_IF_IN_RANGE)
                                                   ?US_JMP_IF_VALUE (?US_JMP_IF_VALUE)
    -------------------------------------------------------------------------
RCODE
  Relative segment, address: CODE 00000D5E - 00000D5E (0x1 bytes), align: 0
  Segment part 4.             Intra module refs:   ?US_SWITCH_SPARSE

    -------------------------------------------------------------------------
  LIBRARY MODULE, NAME : ?US_JMP_IF_IN_RANGE

  SEGMENTS IN THE MODULE
  ======================
RCODE
  Relative segment, address: CODE 00000D5F - 00000D9D (0x3f bytes), align: 0
  Segment part 0.
           ENTRY                   ADDRESS         REF BY
           =====                   =======         ======
           ?US_JMP_IF_IN_RANGE     00000D5F        ?US_SWITCH_SPARSE_LEAVE (?US_SWITCH_SPARSE)

    -------------------------------------------------------------------------
  LIBRARY MODULE, NAME : ?US_JMP_IF_VALUE

  SEGMENTS IN THE MODULE
  ======================
RCODE
  Relative segment, address: CODE 00000D9E - 00000DC8 (0x2b bytes), align: 0
  Segment part 0.
           ENTRY                   ADDRESS         REF BY
           =====                   =======         ======
           ?US_JMP_IF_VALUE        00000D9E        ?US_SWITCH_SPARSE_LEAVE (?US_SWITCH_SPARSE)

    -------------------------------------------------------------------------
  LIBRARY MODULE, NAME : ?memset

  SEGMENTS IN THE MODULE
  ======================
<BANKED_CODE,CODE_C> 1 (was BANKED_CODE)
  Relative segment, address: CODE 000077DC - 00007808 (0x2d bytes), align: 0
  Segment part 6.             Intra module refs:   memset::?relay
           ENTRY                   ADDRESS         REF BY
           =====                   =======         ======
           memset                  000077DC 
               XSTACK = 00000002 ( 00000009 )
               ISTACK = 00000000 ( 00000001 )
    -------------------------------------------------------------------------
BANK_RELAYS
  Relative segment, address: CODE 00000728 - 0000072D (0x6 bytes), align: 0
  Segment part 7.
           ENTRY                   ADDRESS         REF BY
           =====                   =======         ======
           memset::?relay          00000728        osal_memset (OSAL)

    -------------------------------------------------------------------------
  LIBRARY MODULE, NAME : ?strcat

  SEGMENTS IN THE MODULE
  ======================
<BANKED_CODE,CODE_C> 1 (was BANKED_CODE)
  Relative segment, address: CODE 000077A6 - 000077DB (0x36 bytes), align: 0
  Segment part 6.             Intra module refs:   strcat::?relay
           ENTRY                   ADDRESS         REF BY
           =====                   =======         ======
           strcat                  000077A6 
               XSTACK = 00000000 ( 00000009 )
               ISTACK = 00000000 ( 00000001 )
    -------------------------------------------------------------------------
BANK_RELAYS
  Relative segment, address: CODE 0000072E - 00000733 (0x6 bytes), align: 0
  Segment part 7.
           ENTRY                   ADDRESS         REF BY
           =====                   =======         ======
           strcat::?relay          0000072E        ?Subroutine26 (OSAL)
                                                   _ltoa (OSAL)

    -------------------------------------------------------------------------
  LIBRARY MODULE, NAME : ?strcpy

  SEGMENTS IN THE MODULE
  ======================
<BANKED_CODE,CODE_C> 1 (was BANKED_CODE)
  Relative segment, address: CODE 00007809 - 00007830 (0x28 bytes), align: 0
  Segment part 6.             Intra module refs:   strcpy::?relay
           ENTRY                   ADDRESS         REF BY
           =====                   =======         ======
           strcpy                  00007809 
               XSTACK = 00000000 ( 00000009 )
               ISTACK = 00000000 ( 00000001 )
    -------------------------------------------------------------------------
BANK_RELAYS
  Relative segment, address: CODE 00000734 - 00000739 (0x6 bytes), align: 0
  Segment part 7.
           ENTRY                   ADDRESS         REF BY
           =====                   =======         ======
           strcpy::?relay          00000734        ?Subroutine15 (OSAL)
                                                   _ltoa (OSAL)

    -------------------------------------------------------------------------
  LIBRARY MODULE, NAME : ?strlen

  SEGMENTS IN THE MODULE
  ======================
<BANKED_CODE,CODE_C> 1 (was BANKED_CODE)
  Relative segment, address: CODE 00007856 - 00007873 (0x1e bytes), align: 0
  Segment part 6.             Intra module refs:   strlen::?relay
           ENTRY                   ADDRESS         REF BY
           =====                   =======         ======
           strlen                  00007856 
               ISTACK = 00000000 ( 00000002 )
    -------------------------------------------------------------------------
BANK_RELAYS
  Relative segment, address: CODE 0000073A - 0000073F (0x6 bytes), align: 0
  Segment part 7.
           ENTRY                   ADDRESS         REF BY
           =====                   =======         ======
           strlen::?relay          0000073A        ?Subroutine7 (OSAL)
                                                   _ltoa (OSAL)
                                                   osal_strlen (OSAL)




                ****************************************
                *                                      *
                *            MODULE SUMMARY            *
                *                                      *
                ****************************************

Module                     CODE      DATA      XDATA  IDATA    BIT  CONST
------                     ----      ----      -----  -----    ---  -----
                          (Rel)  (Rel)  (Abs)  (Rel)  (Rel)  (Rel)  (Rel)
?ADD_XSTACK_DISP8            27
?ALLOC_XSTACK8               22
?BANKED_CODE_SUPPORT         30
?BANKED_ENTER_XDATA         108
?BANKED_LEAVE_XDATA          70
?CALL_IND                     2
?DEALLOC_XSTACK8             26
?FUNC_ENTER_XDATA           102
?FUNC_LEAVE_XDATA            64
?INTERRUPT_ENTER_XSP         95
?INTERRUPT_LEAVE_XSP         88
?L_ADD                       19
?L_ADD_TO_X                  19
?L_ADD_X                     19
?L_AND_X                     19
?L_EQ_X                      21
?L_MOV_TO_X                  15
?L_MOV_X                     15
?L_MUL                      128
?L_SHL                       31
?L_SUB                       20
?L_SUB_FROM_X                20
?MOVE_LONG8_XDATA_IDATA      13
?MOVE_LONG8_XDATA_XDATA      33
?PUSH_XSTACK8_X              49
?PUSH_XSTACK_I               23
?SS_SHR                      16
?S_DIV_MOD                   89
?S_SHL                       19
?UL_DIV_MOD                 112
?UL_GE_X                     31
?UL_GT                       16
?UL_GT_X                     16
?UL_SHR                      25
?US_JMP_IF_IN_RANGE          63
?US_JMP_IF_VALUE             43
?US_SHR                      15
?US_SWITCH_DENSE             70
?US_SWITCH_SPARSE            76
?XLOAD_R2345                 12
?XSTACK_DISP8                10
?XSTORE_R2345                12
?cexit                        5
?cmain                      135
?memset                      51
?strcat                      60
?strcpy                      46
?strlen                      36
CSTARTUP                     18
  + common                    3
OSAL                      2 080                    3                   40
OSAL_ClockBLE               253                   10
OSAL_Memory                 521                2 051
OSAL_PwrMgr                 174                    7
OSAL_SimpleBLEObserver       91                    2                   15
OSAL_Timers               1 198                    6                    4
  + shared                                                              4
OnBoard                     388                    2
VIRTUAL_REGISTERS                    2                           8
gap                          43
gap_centdevmgr            2 471                    7
gap_configmgr               797                  102                    4
  + shared                                                              4
gap_devmgr                  189                    2
gap_simpletask              543                    6
hal_adc                     189             4      1
  + shared                                  1
hal_aes                      85
  + shared                                  3
hal_dma                      23             4     40
hal_drivers                 254                    1
  + shared                                                              4
hal_flash                   276
  + shared                                  1
hal_key                     541             5      5
  + shared                  110            11                           4
  + common
hal_lcd                     936             6      2                   18
  + shared                                  3
hal_led                   1 094                   40
hal_sleep                   665      1      2      2                   24
  + shared                   46             3                           4
  + common
hal_startup                  11
hci                         517                    2
hci_event                 1 353                    9
hci_tl                      125                    6
ll                        1 674             3    106      2             8
  + shared                                  2                           8
ll_common                 1 690            10                          22
ll_constData                  8
ll_enc                      320             3
ll_errorEndCauses             9
ll_halt                       7      2
ll_isr                      688
  + shared                  134            10                           8
  + common
ll_scanEndCauses          1 371                   37
ll_scheduler              1 640                   29                   16
ll_sleep                    753                                         8
  + shared                                                              4
ll_timer2                 1 153             8
observer                    399                   10
osal_cbtimer                276                   62
osal_snv                  5 546                    4                    4
  + shared                                                              4
phy                       1 657                    1
simpleBLEObserver           962                   83                   84
simpleBLEObserver_Main       88             1
  + shared                                  1
N/A (command line)                  24           640    192
N/A (alignment)
----------               ------     --     --  -----    ---      -    ---
Total:                   35 112     29     81  3 278    194      8    291
  + common                  134


                ****************************************
                *                                      *
                *      SEGMENTS IN ADDRESS ORDER       *
                *                                      *
                ****************************************


SEGMENT              SPACE    START ADDRESS   END ADDRESS     SIZE  TYPE  ALIGN
=======              =====    =============   ===========     ====  ====  =====
INTVEC               CODE          00000000 - 00000085          86   com    0
CSTART               CODE          00000086 - 0000014C          C7   rel    0
BDATA_ID             CODE               0000014D                     dse    0
BIT_ID               CODE               0000014D                     dse    0
DATA_ID              CODE          0000014D - 0000014D           1   rel    0
PDATA_ID             CODE               0000014E                     dse    0
IDATA_ID             CODE               0000014E                     dse    0
IXDATA_ID            CODE               0000014E                     dse    0
XDATA_ID             CODE          0000014E - 000001BD          70   rel    0
BANK_RELAYS          CODE          000001BE - 0000073F         582   rel    0
RCODE                CODE          00000740 - 00000DC8         689   rel    0
CODE_N               CODE               00000DC9                     dse    0
DIFUNCT              CODE               00000DC9                     dse    0
NEAR_CODE            CODE          00000DCC - 00001495         6CA   rel    2
<BANKED_CODE,CODE_C> 1
                     CODE          00001498 - 00007887        63F0   rel    2
SLEEP_CODE           CODE          00007FF8 - 00007FFF           8   rel    0
<XDATA_ROM_C_FLASH> 1
                     CODE          00008000 - 00008122         123   rel    0
BLENV_ADDRESS_SPACE
                     CODE          0003E800 - 0003F7FF        1000   rel    0
REGISTERS            DATA          00000000 - 00000007           8   rel    0
VREG                 DATA          00000008 - 00000017          10   rel    0
PSP                  DATA               00000018                     dse    0
XSP                  DATA          00000018 - 00000019           2   rel    0
DATA_I               DATA          0000001A - 0000001A           1   rel    0
DATA_Z               DATA          0000001B - 0000001C           2   rel    0
BREG                 BIT        00000020.0  -  00000020.7        8   rel    0
SFR_AN               DATA          00000080 - 00000080           1   rel    0
                     DATA          00000087 - 00000089           3 
                     DATA          0000008B - 0000008D           3 
                     DATA          00000090 - 00000091           2 
                     DATA          00000094 - 00000097           4 
                     DATA          0000009A - 000000A9          10 
                     DATA          000000AB - 000000AF           5 
                     DATA          000000B3 - 000000B4           2 
                     DATA          000000B6 - 000000B6           1 
                     DATA          000000B8 - 000000C0           9 
                     DATA          000000C3 - 000000C3           1 
                     DATA          000000C6 - 000000C7           2 
                     DATA          000000D1 - 000000D7           7 
                     DATA          000000D9 - 000000DB           3 
                     DATA          000000E1 - 000000E5           5 
                     DATA          000000E8 - 000000E9           2 
                     DATA          000000F1 - 000000F2           2 
                     DATA          000000F2 - 000000F5           4 
                     DATA          000000F7 - 000000FF           9 
XSTACK               XDATA         00000001 - 00000280         280   rel    0
XDATA_Z              XDATA         00000281 - 0000045C         1DC   rel    0
XDATA_I              XDATA         0000045D - 000004CC          70   rel    0
<XDATA_N> 1          XDATA         000004CD - 00000CCE         802   rel    0
<XDATA_ROM_C> 1      CONST         00008000 - 00008122         123   rel    0
IDATA_I              IDATA              0000001D                     dse    0
IDATA_Z              IDATA         0000001D - 0000001E           2   rel    0
ISTACK               IDATA         00000040 - 000000FF          C0   rel    0

                ****************************************
                *                                      *
                *        END OF CROSS REFERENCE        *
                *                                      *
                ****************************************

 35 246 bytes of CODE  memory
     29 bytes of DATA  memory (+ 81 absolute )
  3 278 bytes of XDATA memory
    194 bytes of IDATA memory
      8 bits  of BIT   memory
    291 bytes of CONST memory

Errors: none
Warnings: none

