################################################################################
#                                                                              #
#      IAR Universal Linker V5.0.2.5/W32                                       #
#                                                                              #
#           Link time     =  30/Nov/2019  15:55:42                             #
#           Target CPU    =  x51                                               #
#           List file     =  "C:\Texas Instruments\BLE-CC254x-1.3.2\Projects\b #
#                            le\CC2541BLEObserver\CC2541DB\CC2541EM\List\Simpl #
#                            eBLEObserver.map"                                 #
#           Output file 1 =  "C:\Texas Instruments\BLE-CC254x-1.3.2\Projects\b #
#                            le\CC2541BLEObserver\CC2541DB\CC2541EM\Exe\Simple #
#                            BLEObserver.hex"                                  #
#                            Format: intel-extended                            #
#           Output file 2 =  "C:\Texas Instruments\BLE-CC254x-1.3.2\Projects\b #
#                            le\CC2541BLEObserver\CC2541DB\CC2541EM\Exe\Simple #
#                            BLEObserver.d51"                                  #
#                            Format: debug                                     #
#                            UBROF version 10.0.3                              #
#                            Using library modules for C-SPY (-rt)             #
#           Command line  =  "-IC:\Program Files (x86)\IAR Systems\Embedded Wo #
#                            rkbench 6.0 Evaluation\8051\CONFIG\"              #
#                            -D_NR_OF_BANKS=0x07 -D_CODEBANK_END=0xFFFF        #
#                            -D_CODEBANK_START=0x8000 -D?CBANK_MASK=0xFF       #
#                            -D?CBANK=0x9F                                     #
#                            "C:\Texas Instruments\BLE-CC254x-1.3.2\Projects\b #
#                            le\CC2541BLEObserver\CC2541DB\CC2541EM\Obj\OSAL.r #
#                            51"                                               #
#                            "C:\Texas Instruments\BLE-CC254x-1.3.2\Projects\b #
#                            le\CC2541BLEObserver\CC2541DB\CC2541EM\Obj\OSAL_C #
#                            lockBLE.r51"                                      #
#                            "C:\Texas Instruments\BLE-CC254x-1.3.2\Projects\b #
#                            le\CC2541BLEObserver\CC2541DB\CC2541EM\Obj\OSAL_M #
#                            emory.r51"                                        #
#                            "C:\Texas Instruments\BLE-CC254x-1.3.2\Projects\b #
#                            le\CC2541BLEObserver\CC2541DB\CC2541EM\Obj\OSAL_P #
#                            wrMgr.r51"                                        #
#                            "C:\Texas Instruments\BLE-CC254x-1.3.2\Projects\b #
#                            le\CC2541BLEObserver\CC2541DB\CC2541EM\Obj\OSAL_S #
#                            impleBLEObserver.r51"                             #
#                            "C:\Texas Instruments\BLE-CC254x-1.3.2\Projects\b #
#                            le\CC2541BLEObserver\CC2541DB\CC2541EM\Obj\OSAL_T #
#                            imers.r51"                                        #
#                            "C:\Texas Instruments\BLE-CC254x-1.3.2\Projects\b #
#                            le\CC2541BLEObserver\CC2541DB\CC2541EM\Obj\OnBoar #
#                            d.r51"                                            #
#                            "C:\Texas Instruments\BLE-CC254x-1.3.2\Projects\b #
#                            le\CC2541BLEObserver\CC2541DB\CC2541EM\Obj\gap.r5 #
#                            1"                                                #
#                            "C:\Texas Instruments\BLE-CC254x-1.3.2\Projects\b #
#                            le\CC2541BLEObserver\CC2541DB\CC2541EM\Obj\hal_ad #
#                            c.r51"                                            #
#                            "C:\Texas Instruments\BLE-CC254x-1.3.2\Projects\b #
#                            le\CC2541BLEObserver\CC2541DB\CC2541EM\Obj\hal_ae #
#                            s.r51"                                            #
#                            "C:\Texas Instruments\BLE-CC254x-1.3.2\Projects\b #
#                            le\CC2541BLEObserver\CC2541DB\CC2541EM\Obj\hal_dm #
#                            a.r51"                                            #
#                            "C:\Texas Instruments\BLE-CC254x-1.3.2\Projects\b #
#                            le\CC2541BLEObserver\CC2541DB\CC2541EM\Obj\hal_dr #
#                            ivers.r51"                                        #
#                            "C:\Texas Instruments\BLE-CC254x-1.3.2\Projects\b #
#                            le\CC2541BLEObserver\CC2541DB\CC2541EM\Obj\hal_fl #
#                            ash.r51"                                          #
#                            "C:\Texas Instruments\BLE-CC254x-1.3.2\Projects\b #
#                            le\CC2541BLEObserver\CC2541DB\CC2541EM\Obj\hal_ke #
#                            y.r51"                                            #
#                            "C:\Texas Instruments\BLE-CC254x-1.3.2\Projects\b #
#                            le\CC2541BLEObserver\CC2541DB\CC2541EM\Obj\hal_lc #
#                            d.r51"                                            #
#                            "C:\Texas Instruments\BLE-CC254x-1.3.2\Projects\b #
#                            le\CC2541BLEObserver\CC2541DB\CC2541EM\Obj\hal_le #
#                            d.r51"                                            #
#                            "C:\Texas Instruments\BLE-CC254x-1.3.2\Projects\b #
#                            le\CC2541BLEObserver\CC2541DB\CC2541EM\Obj\hal_sl #
#                            eep.r51"                                          #
#                            "C:\Texas Instruments\BLE-CC254x-1.3.2\Projects\b #
#                            le\CC2541BLEObserver\CC2541DB\CC2541EM\Obj\hal_st #
#                            artup.r51"                                        #
#                            "C:\Texas Instruments\BLE-CC254x-1.3.2\Projects\b #
#                            le\CC2541BLEObserver\CC2541DB\CC2541EM\Obj\hal_ti #
#                            mer.r51"                                          #
#                            "C:\Texas Instruments\BLE-CC254x-1.3.2\Projects\b #
#                            le\CC2541BLEObserver\CC2541DB\CC2541EM\Obj\hal_ua #
#                            rt.r51"                                           #
#                            "C:\Texas Instruments\BLE-CC254x-1.3.2\Projects\b #
#                            le\CC2541BLEObserver\CC2541DB\CC2541EM\Obj\npi.r5 #
#                            1"                                                #
#                            "C:\Texas Instruments\BLE-CC254x-1.3.2\Projects\b #
#                            le\CC2541BLEObserver\CC2541DB\CC2541EM\Obj\observ #
#                            er.r51"                                           #
#                            "C:\Texas Instruments\BLE-CC254x-1.3.2\Projects\b #
#                            le\CC2541BLEObserver\CC2541DB\CC2541EM\Obj\osal_b #
#                            ufmgr.r51"                                        #
#                            "C:\Texas Instruments\BLE-CC254x-1.3.2\Projects\b #
#                            le\CC2541BLEObserver\CC2541DB\CC2541EM\Obj\osal_c #
#                            btimer.r51"                                       #
#                            "C:\Texas Instruments\BLE-CC254x-1.3.2\Projects\b #
#                            le\CC2541BLEObserver\CC2541DB\CC2541EM\Obj\osal_s #
#                            nv.r51"                                           #
#                            "C:\Texas Instruments\BLE-CC254x-1.3.2\Projects\b #
#                            le\CC2541BLEObserver\CC2541DB\CC2541EM\Obj\simple #
#                            BLEObserver.r51"                                  #
#                            "C:\Texas Instruments\BLE-CC254x-1.3.2\Projects\b #
#                            le\CC2541BLEObserver\CC2541DB\CC2541EM\Obj\simple #
#                            BLEObserver_Main.r51"                             #
#                            "C:\Texas Instruments\BLE-CC254x-1.3.2\Projects\b #
#                            le\Libraries\CC2541DB\bin\CC2541_BLE_observ.lib"  #
#                            "C:\Texas Instruments\BLE-CC254x-1.3.2\Projects\b #
#                            le\Libraries\Common\bin\CC254x_BLE_HCI_TL_None.li #
#                            b"                                                #
#                            -o                                                #
#                            "C:\Texas Instruments\BLE-CC254x-1.3.2\Projects\b #
#                            le\CC2541BLEObserver\CC2541DB\CC2541EM\Exe\Simple #
#                            BLEObserver.d51"                                  #
#                            -l                                                #
#                            "C:\Texas Instruments\BLE-CC254x-1.3.2\Projects\b #
#                            le\CC2541BLEObserver\CC2541DB\CC2541EM\List\Simpl #
#                            eBLEObserver.map"                                 #
#                            -xmsn -f                                          #
#                            "C:\Texas Instruments\BLE-CC254x-1.3.2\Projects\b #
#                            le\CC2541BLEObserver\CC2541DB\..\..\common\cc2540 #
#                            \ti_51ew_cc2540b.xcl"                             #
#                            (-D_IDATA_END=0xFF -D_PDATA_START=0x1E00          #
#                            -D_PDATA_END=0x1EFF -D_IXDATA_START=0x0001        #
#                            -D_IXDATA_END=0x1EFF                              #
#                            -D_XDATA_START=_IXDATA_START                      #
#                            -D_XDATA_END=_IXDATA_END -D_CODE_START=0x0000     #
#                            -D_CODE_END=0x7FFF -D_FIRST_BANK_ADDR=0x10000     #
#                            -D_NEAR_CODE_END=_CODE_END -D?REGISTER_BANK=0     #
#                            -D_REGISTER_BANK_START=0 -D?PBANK_NUMBER=0x1E     #
#                            -D_BREG_START=0x00 -D?VB=0x20                     #
#                            -D_FAR_DATA_NR_OF_BANKS=0x0E                      #
#                            -D_FAR_DATA_START=0x010001                        #
#                            -D_FAR_DATA_END=0xFFFFFF                          #
#                            -D_FAR_CODE_START=_CODE_START                     #
#                            -D_FAR_CODE_END=_CODE_END                         #
#                            -Z(BIT)BREG=_BREG_START -Z(BIT)BIT_N=0-7F         #
#                            -Z(DATA)REGISTERS+8=_REGISTER_BANK_START          #
#                            -Z(DATA)BDATA_Z,BDATA_N,BDATA_I=20-2F             #
#                            -Z(DATA)VREG+_NR_OF_VIRTUAL_REGISTERS=08-7F       #
#                            -Z(DATA)PSP,XSP=08-7F -Z(DATA)DOVERLAY=08-7F      #
#                            -Z(DATA)DATA_I,DATA_Z,DATA_N=08-7F                #
#                            -U(IDATA)0-7F=(DATA)0-7F                          #
#                            -Z(IDATA)IDATA_I,IDATA_Z,IDATA_N=08-_IDATA_END    #
#                            -Z(IDATA)ISTACK+_IDATA_STACK_SIZE#08-_IDATA_END   #
#                            -Z(IDATA)IOVERLAY=08-FF                           #
#                            -Z(CODE)INTVEC=_CODE_START                        #
#                            -Z(CODE)CSTART=_CODE_START-_CODE_END              #
#                            -Z(CODE)BIT_ID,BDATA_ID,DATA_ID,IDATA_ID,IXDATA_I #
#                            D,PDATA_ID,XDATA_ID=_CODE_START-_CODE_END         #
#                            -Z(CODE)HUGE_ID=_FAR_CODE_START-_FAR_CODE_END     #
#                            -D_SLEEP_CODE_SPACE_START=(_CODE_END-7)           #
#                            -D_SLEEP_CODE_SPACE_END=(_CODE_END)               #
#                            -Z(CODE)SLEEP_CODE=_SLEEP_CODE_SPACE_START-_SLEEP #
#                            _CODE_SPACE_END                                   #
#                            -Z(CODE)BANK_RELAYS,RCODE,DIFUNCT,CODE_N,NEAR_COD #
#                            E=_CODE_START-_CODE_END                           #
#                            -P(CODE)CODE_C=_CODE_START-_CODE_END              #
#                            -P(CONST)XDATA_ROM_C=0x8000-0xFFFF                #
#                            -P(CODE)XDATA_ROM_C_FLASH=0x18000-0x1FFFF         #
#                            -QXDATA_ROM_C=XDATA_ROM_C_FLASH                   #
#                            -P(CODE)BANKED_CODE=_CODE_START-_CODE_END,[(_CODE #
#                            BANK_START+_FIRST_BANK_ADDR)-(_CODEBANK_END+_FIRS #
#                            T_BANK_ADDR)]*_NR_OF_BANKS+10000                  #
#                            -P(CODE)FAR_CODE_C,FAR_CODE_N,FAR_CODE=[_FAR_CODE #
#                            _START-_FAR_CODE_END]/10000                       #
#                            -P(CODE)HUGE_CODE_C=_FAR_CODE_START-_FAR_CODE_END #
#                            -Z(CODE)CHECKSUM#_CODE_END                        #
#                            -Z(XDATA)EXT_STACK+_EXTENDED_STACK_SIZE=_EXTENDED #
#                            _STACK_START                                      #
#                            -Z(XDATA)PSTACK+_PDATA_STACK_SIZE=_PDATA_START-_P #
#                            DATA_END                                          #
#                            -Z(XDATA)XSTACK+_XDATA_STACK_SIZE=_XDATA_START-_X #
#                            DATA_END                                          #
#                            -Z(XDATA)PDATA_Z,PDATA_I=_PDATA_START-_PDATA_END  #
#                            -P(XDATA)PDATA_N=_PDATA_START-_PDATA_END          #
#                            -Z(XDATA)IXDATA_Z,IXDATA_I=_IXDATA_START-_IXDATA_ #
#                            END                                               #
#                            -P(XDATA)IXDATA_N=_IXDATA_START-_IXDATA_END       #
#                            -Z(XDATA)XDATA_Z,XDATA_I=_XDATA_START-_XDATA_END  #
#                            -P(XDATA)XDATA_N=_XDATA_START-_XDATA_END          #
#                            -Z(XDATA)XDATA_HEAP+_XDATA_HEAP_SIZE=_XDATA_START #
#                            -_XDATA_END                                       #
#                            -Z(XDATA)FAR_Z=[_FAR_DATA_START-_FAR_DATA_END]/10 #
#                            000                                               #
#                            -Z(XDATA)FAR_I=[_FAR_DATA_START-_FAR_DATA_END]/10 #
#                            000                                               #
#                            -Z(CODE)FAR_ID=[_FAR_CODE_START-_FAR_CODE_END]/10 #
#                            000                                               #
#                            -Z(XDATA)FAR_HEAP+_FAR_HEAP_SIZE=[_FAR_DATA_START #
#                            -_FAR_DATA_END]/10000                             #
#                            -P(XDATA)FAR_N=[_FAR_DATA_START-_FAR_DATA_END]*_F #
#                            AR_DATA_NR_OF_BANKS+10000                         #
#                            -P(CONST)FAR_ROM_C=[_FAR_DATA_START-_FAR_DATA_END #
#                            ]*_FAR_DATA_NR_OF_BANKS+10000                     #
#                            -Z(XDATA)HUGE_Z,HUGE_I=_FAR_DATA_START-_FAR_DATA_ #
#                            END                                               #
#                            -P(XDATA)HUGE_N=_FAR_DATA_START-_FAR_DATA_END     #
#                            -Z(XDATA)HUGE_HEAP+_HUGE_HEAP_SIZE=_FAR_DATA_STAR #
#                            T-_FAR_DATA_END                                   #
#                            -Z(CONST)HUGE_ROM_C=_FAR_DATA_START-_FAR_DATA_END #
#                            -cx51 -D_BLENV_ADDRESS_SPACE_START=0x7E800        #
#                            -D_BLENV_ADDRESS_SPACE_END=0x7F7FF                #
#                            -Z(CODE)BLENV_ADDRESS_SPACE=_BLENV_ADDRESS_SPACE_ #
#                            START-_BLENV_ADDRESS_SPACE_END                    #
#                            -D_BANK0_START=0x00000 -D_BANK0_END=0x07FFF       #
#                            -D_BANK1_START=0x18000 -D_BANK1_END=0x1FFFF       #
#                            -D_BANK2_START=0x28000 -D_BANK2_END=0x2FFFF       #
#                            -D_BANK3_START=0x38000 -D_BANK3_END=0x3FFFF       #
#                            -D_BANK4_START=0x48000 -D_BANK4_END=0x4FFFF       #
#                            -D_BANK5_START=0x58000 -D_BANK5_END=0x5FFFF       #
#                            -D_BANK6_START=0x68000 -D_BANK6_END=0x6FFFF       #
#                            -D_BANK7_START=0x78000                            #
#                            -D_BANK7_END=(_BLENV_ADDRESS_SPACE_START-1)       #
#                            -P(CODE)BANK0=_BANK0_START-_BANK0_END             #
#                            -P(CODE)BANK1=_BANK1_START-_BANK1_END             #
#                            -P(CODE)BANK2=_BANK2_START-_BANK2_END             #
#                            -P(CODE)BANK3=_BANK3_START-_BANK3_END             #
#                            -P(CODE)BANK4=_BANK4_START-_BANK4_END             #
#                            -P(CODE)BANK5=_BANK5_START-_BANK5_END             #
#                            -P(CODE)BANK6=_BANK6_START-_BANK6_END             #
#                            -P(CODE)BANK7=_BANK7_START-_BANK7_END             #
#                            -M(CODE)[(_CODEBANK_START+_FIRST_BANK_ADDR)-(_COD #
#                            EBANK_END+_FIRST_BANK_ADDR)]*_NR_OF_BANKS+0x10000 #
#                            =0x8000                                           #
#                            -ww69=i                                           #
#                            -D_FLASH_LOCK_BITS_START=((_NR_OF_BANKS*_FIRST_BA #
#                            NK_ADDR)+0xFFF0)                                  #
#                            -D_FLASH_LOCK_BITS_END=((_NR_OF_BANKS*_FIRST_BANK #
#                            _ADDR)+0xFFFF)                                    #
#                            -Z(CODE)FLASH_LOCK_BITS=_FLASH_LOCK_BITS_START-_F #
#                            LASH_LOCK_BITS_END                                #
#                            -U(CODE)0x0000=(CODE)_FLASH_LOCK_BITS_START-_FLAS #
#                            H_LOCK_BITS_END)                                  #
#                            -D_NR_OF_VIRTUAL_REGISTERS=10 -D?PBANK=0x93       #
#                            -e?BCALL_FF=?BCALL -e?BRET_FF=?BRET               #
#                            -e?BDISPATCH_FF=?BDISPATCH                        #
#                            -e_small_write=_formatted_write                   #
#                            -e_medium_read=_formatted_read -rt                #
#                            "-Ointel-extended=C:\Texas Instruments\BLE-CC254x #
#                            -1.3.2\Projects\ble\CC2541BLEObserver\CC2541DB\CC #
#                            2541EM\Exe\SimpleBLEObserver.hex"                 #
#                            -s __program_start                                #
#                            "C:\Program Files (x86)\IAR Systems\Embedded Work #
#                            bench 6.0 Evaluation\8051\LIB\CLIB\cl-pli-blxd-1e #
#                            16x01.r51"                                        #
#                            -D_IDATA_STACK_SIZE=0xC0                          #
#                            -D_EXTENDED_STACK_START=0x00                      #
#                            -D_EXTENDED_STACK_SIZE=0x00                       #
#                            -D_PDATA_STACK_SIZE=0x00                          #
#                            -D_XDATA_STACK_SIZE=0x280                         #
#                            -D_XDATA_HEAP_SIZE=0xFF -D_FAR_HEAP_SIZE=0xFFF    #
#                            -D_HUGE_HEAP_SIZE=0xFFF                           #
#                            -D_FAR22_HEAP_SIZE=0xFFF                          #
#                                                                              #
#                           Copyright (C) 1987-2010 IAR Systems AB.            #
################################################################################





                ****************************************
                *                                      *
                *           CROSS REFERENCE            *
                *                                      *
                ****************************************

       Program entry at : CODE      0000011D  Relocatable, from module : CSTARTUP




                ****************************************
                *                                      *
                *            RUNTIME MODEL             *
                *                                      *
                ****************************************

  __SystemLibrary          = CLib
  __calling_convention     = xdata_reentrant
  __code_model             = banked
  __core                   = plain
  __data_model             = large
  __dptr_size              = 16
  __extended_stack         = disabled
  __location_for_constants = data
  __number_of_dptrs        = 1
  __rt_version             = 1



                ****************************************
                *                                      *
                *              MODULE MAP              *
                *                                      *
                ****************************************


  DEFINED ABSOLUTE ENTRIES
    *************************************************************************

  DEFINED ABSOLUTE ENTRIES
  PROGRAM MODULE, NAME : ?ABS_ENTRY_MOD

Absolute parts
           ENTRY                   ADDRESS         REF BY
           =====                   =======         ======
           _FAR22_HEAP_SIZE        00000FFF 
           _HUGE_HEAP_SIZE         00000FFF 
           _FAR_HEAP_SIZE          00000FFF 
           _XDATA_HEAP_SIZE        000000FF 
           _XDATA_STACK_SIZE       00000280 
           _PDATA_STACK_SIZE       00000000 
           _EXTENDED_STACK_SIZE    00000000 
           _EXTENDED_STACK_START   00000000 
           _IDATA_STACK_SIZE       000000C0 
           ?PBANK                  00000093 
           _NR_OF_VIRTUAL_REGISTERS
                                   00000010 
           _FLASH_LOCK_BITS_END    0003FFFF 
           _FLASH_LOCK_BITS_START
                                   0003FFF0 
           _BANK7_END              0003E7FF 
           _BANK7_START            00038000 
           _BANK6_END              00037FFF 
           _BANK6_START            00030000 
           _BANK5_END              0002FFFF 
           _BANK5_START            00028000 
           _BANK4_END              00027FFF 
           _BANK4_START            00020000 
           _BANK3_END              0001FFFF 
           _BANK3_START            00018000 
           _BANK2_END              00017FFF 
           _BANK2_START            00010000 
           _BANK1_END              0000FFFF 
           _BANK1_START            00008000 
           _BANK0_END              00007FFF 
           _BANK0_START            00000000 
           _BLENV_ADDRESS_SPACE_END
                                   0003F7FF 
           _BLENV_ADDRESS_SPACE_START
                                   0003E800 
           _SLEEP_CODE_SPACE_END   00007FFF 
           _SLEEP_CODE_SPACE_START
                                   00007FF8 
           _FAR_CODE_END           00007FFF 
           _FAR_CODE_START         00000000 
           _FAR_DATA_END           00FFFFFF 
           _FAR_DATA_START         00010001 
           _FAR_DATA_NR_OF_BANKS   0000000E 
           ?VB                     00000020        ?BANKED_ENTER_XDATA (?BANKED_ENTER_XDATA)
                                                   ?BANKED_LEAVE_XDATA (?BANKED_LEAVE_XDATA)
                                                   ?FUNC_ENTER_XDATA (?FUNC_ENTER_XDATA)
                                                   ?FUNC_LEAVE_XDATA (?FUNC_LEAVE_XDATA)
                                                   ?INTERRUPT_ENTER_XSP (?INTERRUPT_ENTER_XSP)
                                                   ?INTERRUPT_LEAVE_XSP (?INTERRUPT_LEAVE_XSP)
           _BREG_START             00000000 
           ?PBANK_NUMBER           0000001E 
           _REGISTER_BANK_START    00000000 
           ?REGISTER_BANK          00000000        Segment part 6 (CSTARTUP)
           _NEAR_CODE_END          00007FFF 
           _FIRST_BANK_ADDR        00010000 
           _CODE_END               00007FFF 
           _CODE_START             00000000 
           _XDATA_END              00001EFF 
           _XDATA_START            00000001 
           _IXDATA_END             00001EFF 
           _IXDATA_START           00000001 
           _PDATA_END              00001EFF 
           _PDATA_START            00001E00 
           _IDATA_END              000000FF 
           ?CBANK                  0000009F        ?RESET_CODE_BANK (CSTARTUP)
                                                   Segment part 0 (?BANKED_CODE_SUPPORT)
           ?CBANK_MASK             000000FF 
           _CODEBANK_START         00008000 
           _CODEBANK_END           0000FFFF 
           _NR_OF_BANKS            00000007 
    *************************************************************************

  FILE NAME : C:\Texas Instruments\BLE-CC254x-1.3.2\Projects\ble\CC2541BLEObserver\CC2541DB\CC2541EM\Obj\OSAL.r51
  PROGRAM MODULE, NAME : OSAL

  SEGMENTS IN THE MODULE
  ======================
SFR_AN
  Relative segment, address: DATA 000000A8 - 000000A8 (0x1 bytes), align: 0
  Segment part 1. ROOT.       Intra module refs:   HalFlashRead (hal_flash)
                                                   LL_Init (ll)
                                                   LL_Reset (ll)
                                                   LL_SetScanControl (ll)
                                                   RF_NormalIsr (ll_isr)
                                                   SimpleBLEObserver_Init (simpleBLEObserver)
                                                   halKeyPort0Isr (hal_key)
                                                   halKeyPort2Isr (hal_key)
                                                   halSetSleepMode (hal_sleep)
                                                   halSleep (hal_sleep)
                                                   halSleepSetTimer (hal_sleep)
                                                   halSleepTimerIsr (hal_sleep)
                                                   llClearSetInts (ll_common)
                                                   llDisableT2E1 (ll_timer2)
                                                   llDisableT2Ints (ll_timer2)
                                                   llDisableT2IntsEvts (ll_timer2)
                                                   llGetCurrentTime (ll_timer2)
                                                   llGetFullCTandST (ll_timer2)
                                                   llInitTimer2 (ll_timer2)
                                                   llScanEvt_TaskEndOk (ll_scanEndCauses)
                                                   llSetT2C1Event1 (ll_timer2)
                                                   llSetT2LongC1Event1 (ll_timer2)
                                                   llSetT2LongC1Timeout (ll_timer2)
                                                   llSetT2OVFC2Event2 (ll_timer2)
                                                   llStartTimer2 (ll_timer2)
                                                   llStopTimer2 (ll_timer2)
                                                   llT2OVFC1_ISR (ll_isr)
                                                   ll_McuPrecisionCount (ll_timer2)
                                                   main (simpleBLEObserver_Main)
                                                   osalTimerUpdate (OSAL_Timers)
                                                   osal_clear_event
                                                   osal_int_disable
                                                   osal_mem_alloc (OSAL_Memory)
                                                   osal_mem_free (OSAL_Memory)
                                                   osal_mem_kick (OSAL_Memory)
                                                   osal_msg_enqueue
                                                   osal_msg_extract
                                                   osal_msg_push
                                                   osal_msg_receive
                                                   osal_pwrmgr_powerconserve (OSAL_PwrMgr)
                                                   osal_run_system
                                                   osal_set_event
                                                   osal_start_reload_timer (OSAL_Timers)
                                                   osal_start_timerEx (OSAL_Timers)
                                                   osal_stop_timerEx (OSAL_Timers)
           ENTRY                   ADDRESS         REF BY
           =====                   =======         ======
           _A_IEN0                 000000A8 
           LOCAL                   ADDRESS         
           =====                   =======         
           IEN0                    000000A8 
    -------------------------------------------------------------------------
XDATA_Z
  Relative segment, address: XDATA 00000281 - 00000282 (0x2 bytes), align: 0
  Segment part 11.            Intra module refs:   osal_init_system
                                                   osal_msg_enqueue_push
                                                   osal_msg_receive
           ENTRY                   ADDRESS         REF BY
           =====                   =======         ======
           osal_qHead              00000281 
    -------------------------------------------------------------------------
XDATA_I
  Relative segment, address: XDATA 0000048B - 0000048B (0x1 bytes), align: 0
  Segment part 12.            Intra module refs:   osal_run_system
           LOCAL                   ADDRESS         
           =====                   =======         
           activeTaskID            0000048B 
    -------------------------------------------------------------------------
<BANKED_CODE,CODE_C> 1 (was BANKED_CODE)
  Relative segment, address: CODE 0000461E - 0000465E (0x41 bytes), align: 0
  Segment part 18.            Intra module refs:   osal_memcpy::?relay
           ENTRY                   ADDRESS         REF BY
           =====                   =======         ======
           osal_memcpy             0000461E 
               XSTACK = 00000010 ( 00000009 )
               ISTACK = 00000000 ( 00000001 )
    -------------------------------------------------------------------------
<BANKED_CODE,CODE_C> 1 (was BANKED_CODE)
  Relative segment, address: CODE 0000465F - 00004667 (0x9 bytes), align: 0
  Segment part 24.            Intra module refs:   osal_msg_receive
           LOCAL                   ADDRESS         
           =====                   =======         
           ?Subroutine2            0000465F 
    -------------------------------------------------------------------------
<BANKED_CODE,CODE_C> 1 (was BANKED_CODE)
  Relative segment, address: CODE 00004668 - 000046B8 (0x51 bytes), align: 0
  Segment part 25.            Intra module refs:   osal_memcmp::?relay
           ENTRY                   ADDRESS         REF BY
           =====                   =======         ======
           osal_memcmp             00004668 
               XSTACK = 00000002 ( 0000000B )
    -------------------------------------------------------------------------
<BANKED_CODE,CODE_C> 1 (was BANKED_CODE)
  Relative segment, address: CODE 000046B9 - 000046BD (0x5 bytes), align: 0
  Segment part 27.            Intra module refs:   osal_memcmp
                                                   osal_msg_extract
           LOCAL                   ADDRESS         
           =====                   =======         
           ?Subroutine3            000046B9 
    -------------------------------------------------------------------------
<BANKED_CODE,CODE_C> 1 (was BANKED_CODE)
  Relative segment, address: CODE 000046BE - 000046DE (0x21 bytes), align: 0
  Segment part 28.            Intra module refs:   osal_memset::?relay
           ENTRY                   ADDRESS         REF BY
           =====                   =======         ======
           osal_memset             000046BE 
               calls direct
               XSTACK = 00000000 ( 0000000C )
    -------------------------------------------------------------------------
<BANKED_CODE,CODE_C> 1 (was BANKED_CODE)
  Relative segment, address: CODE 000046DF - 0000472B (0x4d bytes), align: 0
  Segment part 47.            Intra module refs:   osal_msg_allocate::?relay
           ENTRY                   ADDRESS         REF BY
           =====                   =======         ======
           osal_msg_allocate       000046DF 
               calls direct
               XSTACK = 00000000 ( 0000000A )
    -------------------------------------------------------------------------
<BANKED_CODE,CODE_C> 1 (was BANKED_CODE)
  Relative segment, address: CODE 0000472C - 00004732 (0x7 bytes), align: 0
  Segment part 49.            Intra module refs:   osal_memcpy
                                                   osal_msg_allocate
           LOCAL                   ADDRESS         
           =====                   =======         
           ?Subroutine23           0000472C 
    -------------------------------------------------------------------------
<BANKED_CODE,CODE_C> 1 (was BANKED_CODE)
  Relative segment, address: CODE 00004733 - 00004754 (0x22 bytes), align: 0
  Segment part 50.            Intra module refs:   osal_msg_deallocate::?relay
           ENTRY                   ADDRESS         REF BY
           =====                   =======         ======
           osal_msg_deallocate     00004733 
               calls direct
               XSTACK = 00000009 ( 00000000 )
               ISTACK = 00000000 ( 00000002 )
    -------------------------------------------------------------------------
<BANKED_CODE,CODE_C> 1 (was BANKED_CODE)
  Relative segment, address: CODE 00004755 - 0000475B (0x7 bytes), align: 0
  Segment part 52.            Intra module refs:   osal_init_system
                                                   osal_msg_deallocate
           LOCAL                   ADDRESS         
           =====                   =======         
           ?Subroutine0            00004755 
    -------------------------------------------------------------------------
<BANKED_CODE,CODE_C> 1 (was BANKED_CODE)
  Relative segment, address: CODE 0000475C - 00004765 (0xa bytes), align: 0
  Segment part 53.            Intra module refs:   osal_msg_send::?relay
           ENTRY                   ADDRESS         REF BY
           =====                   =======         ======
           osal_msg_send           0000475C 
               calls direct
               XSTACK = 00000000 ( 00000009 )
    -------------------------------------------------------------------------
<BANKED_CODE,CODE_C> 1 (was BANKED_CODE)
  Relative segment, address: CODE 00004766 - 000047C6 (0x61 bytes), align: 0
  Segment part 57.            Intra module refs:   osal_msg_enqueue_push::?relay
           LOCAL                   ADDRESS         
           =====                   =======         
           osal_msg_enqueue_push   00004766 
               calls direct
               XSTACK = 00000009 ( 00000009 )
               ISTACK = 00000000 ( 00000001 )
    -------------------------------------------------------------------------
<BANKED_CODE,CODE_C> 1 (was BANKED_CODE)
  Relative segment, address: CODE 000047C7 - 000047D3 (0xd bytes), align: 0
  Segment part 59.            Intra module refs:   osal_msg_deallocate
                                                   osal_msg_enqueue_push
           LOCAL                   ADDRESS         
           =====                   =======         
           ?Subroutine21           000047C7 
    -------------------------------------------------------------------------
<BANKED_CODE,CODE_C> 1 (was BANKED_CODE)
  Relative segment, address: CODE 000047D4 - 0000485B (0x88 bytes), align: 0
  Segment part 60.            Intra module refs:   osal_msg_receive::?relay
           ENTRY                   ADDRESS         REF BY
           =====                   =======         ======
           osal_msg_receive        000047D4 
               calls direct
               XSTACK = 00000000 ( 00000010 )
    -------------------------------------------------------------------------
<BANKED_CODE,CODE_C> 1 (was BANKED_CODE)
  Relative segment, address: CODE 0000485C - 00004863 (0x8 bytes), align: 0
  Segment part 62.            Intra module refs:   osal_memcmp
                                                   osal_msg_extract
                                                   osal_msg_receive
           LOCAL                   ADDRESS         
           =====                   =======         
           ?Subroutine13           0000485C 
    -------------------------------------------------------------------------
<BANKED_CODE,CODE_C> 1 (was BANKED_CODE)
  Relative segment, address: CODE 00004864 - 0000489B (0x38 bytes), align: 0
  Segment part 65.            Intra module refs:   osal_msg_enqueue::?relay
           ENTRY                   ADDRESS         REF BY
           =====                   =======         ======
           osal_msg_enqueue        00004864 
               XSTACK = 00000009 ( 00000009 )
    -------------------------------------------------------------------------
<BANKED_CODE,CODE_C> 1 (was BANKED_CODE)
  Relative segment, address: CODE 0000489C - 0000489F (0x4 bytes), align: 0
  Segment part 67.            Intra module refs:   osal_msg_enqueue
                                                   osal_msg_push
           LOCAL                   ADDRESS         
           =====                   =======         
           ?Subroutine6            0000489C 
    -------------------------------------------------------------------------
<BANKED_CODE,CODE_C> 1 (was BANKED_CODE)
  Relative segment, address: CODE 000048A0 - 000048AB (0xc bytes), align: 0
  Segment part 68.            Intra module refs:   osal_msg_enqueue
           LOCAL                   ADDRESS         
           =====                   =======         
           ?Subroutine16           000048A0 
    -------------------------------------------------------------------------
<BANKED_CODE,CODE_C> 1 (was BANKED_CODE)
  Relative segment, address: CODE 000048AC - 000048B1 (0x6 bytes), align: 0
  Segment part 69.            Intra module refs:   ?Subroutine16
    -------------------------------------------------------------------------
<BANKED_CODE,CODE_C> 1 (was BANKED_CODE)
  Relative segment, address: CODE 000048B2 - 000048B4 (0x3 bytes), align: 0
  Segment part 70.            Intra module refs:   osal_msg_send
           LOCAL                   ADDRESS         
           =====                   =======         
           ?Subroutine1            000048B2 
    -------------------------------------------------------------------------
<BANKED_CODE,CODE_C> 1 (was BANKED_CODE)
  Relative segment, address: CODE 000048B5 - 000048B9 (0x5 bytes), align: 0
  Segment part 71.            Intra module refs:   ?Subroutine1
                                                   ?Subroutine6
                                                   osal_clear_event
                                                   osal_memcpy
                                                   osal_msg_enqueue_push
                                                   osal_set_event
    -------------------------------------------------------------------------
<BANKED_CODE,CODE_C> 1 (was BANKED_CODE)
  Relative segment, address: CODE 000048BA - 000048BE (0x5 bytes), align: 0
  Segment part 74.            Intra module refs:   osal_memset
                                                   osal_msg_allocate
                                                   osal_run_system
           LOCAL                   ADDRESS         
           =====                   =======         
           ?Subroutine4            000048BA 
    -------------------------------------------------------------------------
<BANKED_CODE,CODE_C> 1 (was BANKED_CODE)
  Relative segment, address: CODE 000048BF - 000048EC (0x2e bytes), align: 0
  Segment part 75.            Intra module refs:   osal_msg_push::?relay
           ENTRY                   ADDRESS         REF BY
           =====                   =======         ======
           osal_msg_push           000048BF 
               XSTACK = 00000009 ( 00000009 )
    -------------------------------------------------------------------------
<BANKED_CODE,CODE_C> 1 (was BANKED_CODE)
  Relative segment, address: CODE 000048ED - 00004959 (0x6d bytes), align: 0
  Segment part 77.            Intra module refs:   osal_msg_extract::?relay
           ENTRY                   ADDRESS         REF BY
           =====                   =======         ======
           osal_msg_extract        000048ED 
               XSTACK = 00000010 ( 0000000B )
    -------------------------------------------------------------------------
<BANKED_CODE,CODE_C> 1 (was BANKED_CODE)
  Relative segment, address: CODE 0000495A - 0000495C (0x3 bytes), align: 0
  Segment part 79.            Intra module refs:   osal_msg_enqueue_push
           LOCAL                   ADDRESS         
           =====                   =======         
           ?Subroutine22           0000495A 
    -------------------------------------------------------------------------
<BANKED_CODE,CODE_C> 1 (was BANKED_CODE)
  Relative segment, address: CODE 0000495D - 0000495F (0x3 bytes), align: 0
  Segment part 80.            Intra module refs:   ?Subroutine22
    -------------------------------------------------------------------------
<BANKED_CODE,CODE_C> 1 (was BANKED_CODE)
  Relative segment, address: CODE 00004960 - 00004964 (0x5 bytes), align: 0
  Segment part 81.            Intra module refs:   Segment part 80
                                                   osal_msg_enqueue
                                                   osal_msg_extract
                                                   osal_msg_push
                                                   osal_msg_receive
    -------------------------------------------------------------------------
<BANKED_CODE,CODE_C> 1 (was BANKED_CODE)
  Relative segment, address: CODE 00004965 - 00004968 (0x4 bytes), align: 0
  Segment part 82.            Intra module refs:   osal_msg_extract
                                                   osal_run_system
           LOCAL                   ADDRESS         
           =====                   =======         
           ?Subroutine17           00004965 
    -------------------------------------------------------------------------
<BANKED_CODE,CODE_C> 1 (was BANKED_CODE)
  Relative segment, address: CODE 00004969 - 0000496E (0x6 bytes), align: 0
  Segment part 83.            Intra module refs:   ?Subroutine17
                                                   Segment part 69
           LOCAL                   ADDRESS         
           =====                   =======         
           ?Subroutine27           00004969 
    -------------------------------------------------------------------------
<BANKED_CODE,CODE_C> 1 (was BANKED_CODE)
  Relative segment, address: CODE 0000496F - 00004974 (0x6 bytes), align: 0
  Segment part 84.            Intra module refs:   osal_msg_enqueue
                                                   osal_msg_extract
                                                   osal_msg_push
           LOCAL                   ADDRESS         
           =====                   =======         
           ?Subroutine14           0000496F 
    -------------------------------------------------------------------------
<BANKED_CODE,CODE_C> 1 (was BANKED_CODE)
  Relative segment, address: CODE 00004975 - 000049B3 (0x3f bytes), align: 0
  Segment part 87.            Intra module refs:   osal_set_event::?relay
           ENTRY                   ADDRESS         REF BY
           =====                   =======         ======
           osal_set_event          00004975 
               XSTACK = 0000000E ( 00000009 )
    -------------------------------------------------------------------------
<BANKED_CODE,CODE_C> 1 (was BANKED_CODE)
  Relative segment, address: CODE 000049B4 - 000049E8 (0x35 bytes), align: 0
  Segment part 89.            Intra module refs:   osal_clear_event::?relay
           ENTRY                   ADDRESS         REF BY
           =====                   =======         ======
           osal_clear_event        000049B4 
               XSTACK = 0000000E ( 00000009 )
    -------------------------------------------------------------------------
<BANKED_CODE,CODE_C> 1 (was BANKED_CODE)
  Relative segment, address: CODE 000049E9 - 000049FA (0x12 bytes), align: 0
  Segment part 95.            Intra module refs:   osal_int_disable::?relay
           ENTRY                   ADDRESS         REF BY
           =====                   =======         ======
           osal_int_disable        000049E9 
    -------------------------------------------------------------------------
<BANKED_CODE,CODE_C> 1 (was BANKED_CODE)
  Relative segment, address: CODE 000049FB - 00004A19 (0x1f bytes), align: 0
  Segment part 97.            Intra module refs:   osal_init_system::?relay
           ENTRY                   ADDRESS         REF BY
           =====                   =======         ======
           osal_init_system        000049FB 
               calls direct
               ISTACK = 00000000 ( 00000002 )
    -------------------------------------------------------------------------
<BANKED_CODE,CODE_C> 1 (was BANKED_CODE)
  Relative segment, address: CODE 00004A1A - 00004A22 (0x9 bytes), align: 0
  Segment part 99.            Intra module refs:   osal_start_system::?relay
           ENTRY                   ADDRESS         REF BY
           =====                   =======         ======
           osal_start_system       00004A1A 
               calls direct
               ISTACK = 00000000 ( 00000002 )
    -------------------------------------------------------------------------
<BANKED_CODE,CODE_C> 1 (was BANKED_CODE)
  Relative segment, address: CODE 00004A23 - 00004AC0 (0x9e bytes), align: 0
  Segment part 101.           Intra module refs:   osal_run_system::?relay
           ENTRY                   ADDRESS         REF BY
           =====                   =======         ======
           osal_run_system         00004A23 
               calls direct
               XSTACK = 00000000 ( 0000000A )
    -------------------------------------------------------------------------
<BANKED_CODE,CODE_C> 1 (was BANKED_CODE)
  Relative segment, address: CODE 00004AC1 - 00004AC9 (0x9 bytes), align: 0
  Segment part 103.           Intra module refs:   osal_run_system
           LOCAL                   ADDRESS         
           =====                   =======         
           ?Subroutine20           00004AC1 
    -------------------------------------------------------------------------
<BANKED_CODE,CODE_C> 1 (was BANKED_CODE)
  Relative segment, address: CODE 00004ACA - 00004ADD (0x14 bytes), align: 0
  Segment part 104.           Intra module refs:   osal_clear_event
                                                   osal_run_system
           LOCAL                   ADDRESS         
           =====                   =======         
           ?Subroutine18           00004ACA 
    -------------------------------------------------------------------------
<BANKED_CODE,CODE_C> 1 (was BANKED_CODE)
  Relative segment, address: CODE 00004ADE - 00004AE1 (0x4 bytes), align: 0
  Segment part 105.           Intra module refs:   osal_msg_enqueue
           LOCAL                   ADDRESS         
           =====                   =======         
           ?Subroutine8            00004ADE 
    -------------------------------------------------------------------------
<BANKED_CODE,CODE_C> 1 (was BANKED_CODE)
  Relative segment, address: CODE 00004AE2 - 00004AE9 (0x8 bytes), align: 0
  Segment part 106.           Intra module refs:   ?Subroutine8
                                                   osal_msg_enqueue_push
                                                   osal_run_system
    -------------------------------------------------------------------------
XDATA_ID
  Relative segment, address: CODE 0000014E - 0000014E (0x1 bytes), align: 0
  Segment part 13.            Intra module refs:   activeTaskID
    -------------------------------------------------------------------------
BANK_RELAYS
  Relative segment, address: CODE 000001CF - 000001D4 (0x6 bytes), align: 0
  Segment part 19.
           ENTRY                   ADDRESS         REF BY
           =====                   =======         ======
           osal_memcpy::?relay     000001CF        GAPObserverRole_ProcessEvent (observer)
                                                   LL_RandCback (hci)
                                                   Segment part 47 (hci_event)
                                                   Segment part 63 (gap_centdevmgr)
                                                   Segment part 66 (gap_centdevmgr)
                                                   Segment part 75 (gap_configmgr)
    -------------------------------------------------------------------------
BANK_RELAYS
  Relative segment, address: CODE 000001D5 - 000001DA (0x6 bytes), align: 0
  Segment part 26.
           ENTRY                   ADDRESS         REF BY
           =====                   =======         ======
           osal_memcmp::?relay     000001D5        gapProcessAdvertDevInfo (gap_centdevmgr)
                                                   verifyWordM (osal_snv)
    -------------------------------------------------------------------------
BANK_RELAYS
  Relative segment, address: CODE 000001DB - 000001E0 (0x6 bytes), align: 0
  Segment part 29.
           ENTRY                   ADDRESS         REF BY
           =====                   =======         ======
           osal_memset::?relay     000001DB        GAP_CentDevMgrInit (gap_centdevmgr)
                                                   GAP_ParamsInit (gap_configmgr)
                                                   gapFreeScanRecs (gap_centdevmgr)
                                                   osalInitTasks (OSAL_SimpleBLEObserver)
                                                   osal_CbTimerInit (osal_cbtimer)
    -------------------------------------------------------------------------
BANK_RELAYS
  Relative segment, address: CODE 000001E1 - 000001E6 (0x6 bytes), align: 0
  Segment part 48.
           ENTRY                   ADDRESS         REF BY
           =====                   =======         ======
           osal_msg_allocate::?relay
                                   000001E1        HCI_CommandCompleteEvent (hci_event)
                                                   HCI_SendCommandCompleteEvent (hci_event)
                                                   OnBoard_SendKeys (OnBoard)
                                                   Segment part 53 (gap_centdevmgr)
                                                   Segment part 63 (hci_event)
                                                   Segment part 69 (gap_configmgr)
                                                   gapSendDeviceInfoEvent (gap_centdevmgr)
    -------------------------------------------------------------------------
BANK_RELAYS
  Relative segment, address: CODE 000001E7 - 000001EC (0x6 bytes), align: 0
  Segment part 51.            Intra module refs:   osal_msg_enqueue_push
           ENTRY                   ADDRESS         REF BY
           =====                   =======         ======
           osal_msg_deallocate::?relay
                                   000001E7        GAPObserverRole_ProcessEvent (observer)
                                                   GAP_ProcessEvent (gap_simpletask)
                                                   HCI_ProcessEvent (hci_tl)
                                                   Hal_ProcessEvent (hal_drivers)
                                                   SimpleBLEObserver_ProcessEvent (simpleBLEObserver)
    -------------------------------------------------------------------------
BANK_RELAYS
  Relative segment, address: CODE 000001ED - 000001F2 (0x6 bytes), align: 0
  Segment part 54.
           ENTRY                   ADDRESS         REF BY
           =====                   =======         ======
           osal_msg_send::?relay   000001ED        GAP_ProcessEvent (gap_simpletask)
                                                   HCI_CommandCompleteEvent (hci_event)
                                                   OnBoard_SendKeys (OnBoard)
                                                   Segment part 143 (hci_event)
                                                   Segment part 67 (gap_centdevmgr)
                                                   gapProcessRandomAddrComplete (gap_configmgr)
                                                   gapSendDeviceInitDoneEvent (gap_configmgr)
    -------------------------------------------------------------------------
BANK_RELAYS
  Relative segment, address: CODE 000001F3 - 000001F8 (0x6 bytes), align: 0
  Segment part 58.            Intra module refs:   ?Subroutine1
           LOCAL                   ADDRESS         
           =====                   =======         
           osal_msg_enqueue_push::?relay
                                   000001F3 
    -------------------------------------------------------------------------
BANK_RELAYS
  Relative segment, address: CODE 000001F9 - 000001FE (0x6 bytes), align: 0
  Segment part 61.
           ENTRY                   ADDRESS         REF BY
           =====                   =======         ======
           osal_msg_receive::?relay
                                   000001F9        GAPObserverRole_ProcessEvent (observer)
                                                   GAP_ProcessEvent (gap_simpletask)
                                                   HCI_ProcessEvent (hci_tl)
                                                   Hal_ProcessEvent (hal_drivers)
                                                   SimpleBLEObserver_ProcessEvent (simpleBLEObserver)
    -------------------------------------------------------------------------
BANK_RELAYS
  Relative segment, address: CODE 000001FF - 00000204 (0x6 bytes), align: 0
  Segment part 66.            Intra module refs:   osal_msg_enqueue_push
           ENTRY                   ADDRESS         REF BY
           =====                   =======         ======
           osal_msg_enqueue::?relay
                                   000001FF 
    -------------------------------------------------------------------------
BANK_RELAYS
  Relative segment, address: CODE 00000205 - 0000020A (0x6 bytes), align: 0
  Segment part 76.            Intra module refs:   osal_msg_enqueue_push
           ENTRY                   ADDRESS         REF BY
           =====                   =======         ======
           osal_msg_push::?relay   00000205 
    -------------------------------------------------------------------------
BANK_RELAYS
  Relative segment, address: CODE 0000020B - 00000210 (0x6 bytes), align: 0
  Segment part 78.            Intra module refs:   osal_msg_receive
           ENTRY                   ADDRESS         REF BY
           =====                   =======         ======
           osal_msg_extract::?relay
                                   0000020B 
    -------------------------------------------------------------------------
BANK_RELAYS
  Relative segment, address: CODE 00000211 - 00000216 (0x6 bytes), align: 0
  Segment part 88.            Intra module refs:   osal_msg_enqueue_push
                                                   osal_msg_receive
           ENTRY                   ADDRESS         REF BY
           =====                   =======         ======
           osal_set_event::?relay
                                   00000211        HalKeyConfig (hal_key)
                                                   HalLedBlink (hal_led)
                                                   LL_Init (ll)
                                                   LL_PowerOnReq (ll_sleep)
                                                   RF_NormalIsr (ll_isr)
                                                   SimpleBLEObserver_Init (simpleBLEObserver)
                                                   osalTimerUpdate (OSAL_Timers)
    -------------------------------------------------------------------------
BANK_RELAYS
  Relative segment, address: CODE 00000217 - 0000021C (0x6 bytes), align: 0
  Segment part 90.            Intra module refs:   osal_msg_receive
           ENTRY                   ADDRESS         REF BY
           =====                   =======         ======
           osal_clear_event::?relay
                                   00000217        Hal_ProcessEvent (hal_drivers)
                                                   LL_SetScanControl (ll)
                                                   llT2OVFC1_ISR (ll_isr)
    -------------------------------------------------------------------------
BANK_RELAYS
  Relative segment, address: CODE 0000021D - 00000222 (0x6 bytes), align: 0
  Segment part 96.
           ENTRY                   ADDRESS         REF BY
           =====                   =======         ======
           osal_int_disable::?relay
                                   0000021D        InitBoard (OnBoard)
    -------------------------------------------------------------------------
BANK_RELAYS
  Relative segment, address: CODE 00000223 - 00000228 (0x6 bytes), align: 0
  Segment part 98.
           ENTRY                   ADDRESS         REF BY
           =====                   =======         ======
           osal_init_system::?relay
                                   00000223        main (simpleBLEObserver_Main)
    -------------------------------------------------------------------------
BANK_RELAYS
  Relative segment, address: CODE 00000229 - 0000022E (0x6 bytes), align: 0
  Segment part 100.
           ENTRY                   ADDRESS         REF BY
           =====                   =======         ======
           osal_start_system::?relay
                                   00000229        main (simpleBLEObserver_Main)
    -------------------------------------------------------------------------
BANK_RELAYS
  Relative segment, address: CODE 0000022F - 00000234 (0x6 bytes), align: 0
  Segment part 102.           Intra module refs:   osal_start_system
           ENTRY                   ADDRESS         REF BY
           =====                   =======         ======
           osal_run_system::?relay
                                   0000022F 

    *************************************************************************

  FILE NAME : C:\Texas Instruments\BLE-CC254x-1.3.2\Projects\ble\CC2541BLEObserver\CC2541DB\CC2541EM\Obj\OSAL_ClockBLE.r51
  PROGRAM MODULE, NAME : OSAL_ClockBLE

  SEGMENTS IN THE MODULE
  ======================
XDATA_Z
  Relative segment, address: XDATA 00000283 - 00000284 (0x2 bytes), align: 0
  Segment part 6.             Intra module refs:   osalTimeUpdate
           LOCAL                   ADDRESS         
           =====                   =======         
           previousLLTimerTick     00000283 
    -------------------------------------------------------------------------
XDATA_Z
  Relative segment, address: XDATA 00000285 - 00000286 (0x2 bytes), align: 0
  Segment part 7.             Intra module refs:   osalTimeUpdate
           LOCAL                   ADDRESS         
           =====                   =======         
           remUsTicks              00000285 
    -------------------------------------------------------------------------
XDATA_Z
  Relative segment, address: XDATA 00000287 - 00000288 (0x2 bytes), align: 0
  Segment part 8.             Intra module refs:   ?Subroutine4
                                                   osalTimeUpdate
           LOCAL                   ADDRESS         
           =====                   =======         
           timeMSec                00000287 
    -------------------------------------------------------------------------
XDATA_Z
  Relative segment, address: XDATA 00000289 - 0000028C (0x4 bytes), align: 0
  Segment part 9.             Intra module refs:   osalTimeUpdate
           ENTRY                   ADDRESS         REF BY
           =====                   =======         ======
           OSAL_timeSeconds        00000289 
    -------------------------------------------------------------------------
<BANKED_CODE,CODE_C> 1 (was BANKED_CODE)
  Relative segment, address: CODE 00006D2B - 00006E14 (0xea bytes), align: 0
  Segment part 13.            Intra module refs:   osalTimeUpdate::?relay
           ENTRY                   ADDRESS         REF BY
           =====                   =======         ======
           osalTimeUpdate          00006D2B 
               calls direct
               XSTACK = 00000000 ( 0000000E )
    -------------------------------------------------------------------------
<BANKED_CODE,CODE_C> 1 (was BANKED_CODE)
  Relative segment, address: CODE 00006E15 - 00006E21 (0xd bytes), align: 0
  Segment part 15.            Intra module refs:   osalTimeUpdate
           LOCAL                   ADDRESS         
           =====                   =======         
           ?Subroutine4            00006E15 
    -------------------------------------------------------------------------
BANK_RELAYS
  Relative segment, address: CODE 00000235 - 0000023A (0x6 bytes), align: 0
  Segment part 14.
           ENTRY                   ADDRESS         REF BY
           =====                   =======         ======
           osalTimeUpdate::?relay
                                   00000235        llScheduleTask (ll_scheduler)
                                                   osal_run_system (OSAL)

    *************************************************************************

  FILE NAME : C:\Texas Instruments\BLE-CC254x-1.3.2\Projects\ble\CC2541BLEObserver\CC2541DB\CC2541EM\Obj\OSAL_Memory.r51
  PROGRAM MODULE, NAME : OSAL_Memory

  SEGMENTS IN THE MODULE
  ======================
<XDATA_N> 1 (was XDATA_N)
  Relative segment, address: XDATA 0000050C - 00000D0B (0x800 bytes), align: 0
  Segment part 7.             Intra module refs:   osal_mem_alloc
                                                   osal_mem_init
           LOCAL                   ADDRESS         
           =====                   =======         
           theHeap                 0000050C 
    -------------------------------------------------------------------------
<XDATA_N> 1 (was XDATA_N)
  Relative segment, address: XDATA 00000D0C - 00000D0D (0x2 bytes), align: 0
  Segment part 8.             Intra module refs:   osal_mem_alloc
                                                   osal_mem_free
                                                   osal_mem_init
                                                   osal_mem_kick
           LOCAL                   ADDRESS         
           =====                   =======         
           ff1                     00000D0C 
    -------------------------------------------------------------------------
XDATA_Z
  Relative segment, address: XDATA 0000028D - 0000028D (0x1 bytes), align: 0
  Segment part 9.             Intra module refs:   osal_mem_alloc
                                                   osal_mem_kick
           LOCAL                   ADDRESS         
           =====                   =======         
           osalMemStat             0000028D 
    -------------------------------------------------------------------------
<BANKED_CODE,CODE_C> 1 (was BANKED_CODE)
  Relative segment, address: CODE 000061EF - 0000621D (0x2f bytes), align: 0
  Segment part 10.            Intra module refs:   osal_mem_init::?relay
           ENTRY                   ADDRESS         REF BY
           =====                   =======         ======
           osal_mem_init           000061EF 
               ISTACK = 00000000 ( 00000002 )
    -------------------------------------------------------------------------
<BANKED_CODE,CODE_C> 1 (was BANKED_CODE)
  Relative segment, address: CODE 0000621E - 00006224 (0x7 bytes), align: 0
  Segment part 12.            Intra module refs:   osal_mem_free
                                                   osal_mem_init
           LOCAL                   ADDRESS         
           =====                   =======         
           ?Subroutine0            0000621E 
    -------------------------------------------------------------------------
<BANKED_CODE,CODE_C> 1 (was BANKED_CODE)
  Relative segment, address: CODE 00006225 - 00006258 (0x34 bytes), align: 0
  Segment part 13.            Intra module refs:   osal_mem_kick::?relay
           ENTRY                   ADDRESS         REF BY
           =====                   =======         ======
           osal_mem_kick           00006225 
               calls direct
               XSTACK = 00000000 ( 0000000A )
    -------------------------------------------------------------------------
<BANKED_CODE,CODE_C> 1 (was BANKED_CODE)
  Relative segment, address: CODE 00006259 - 000063A5 (0x14d bytes), align: 0
  Segment part 15.            Intra module refs:   osal_mem_alloc::?relay
           ENTRY                   ADDRESS         REF BY
           =====                   =======         ======
           osal_mem_alloc          00006259 
               XSTACK = 0000000A ( 0000000E )
    -------------------------------------------------------------------------
<BANKED_CODE,CODE_C> 1 (was BANKED_CODE)
  Relative segment, address: CODE 000063A6 - 000063DF (0x3a bytes), align: 0
  Segment part 17.            Intra module refs:   osal_mem_free::?relay
           ENTRY                   ADDRESS         REF BY
           =====                   =======         ======
           osal_mem_free           000063A6 
               XSTACK = 0000000A ( 00000000 )
               ISTACK = 00000000 ( 00000002 )
    -------------------------------------------------------------------------
BANK_RELAYS
  Relative segment, address: CODE 0000023B - 00000240 (0x6 bytes), align: 0
  Segment part 11.
           ENTRY                   ADDRESS         REF BY
           =====                   =======         ======
           osal_mem_init::?relay   0000023B        osal_init_system (OSAL)
    -------------------------------------------------------------------------
BANK_RELAYS
  Relative segment, address: CODE 00000241 - 00000246 (0x6 bytes), align: 0
  Segment part 14.
           ENTRY                   ADDRESS         REF BY
           =====                   =======         ======
           osal_mem_kick::?relay   00000241        osal_init_system (OSAL)
    -------------------------------------------------------------------------
BANK_RELAYS
  Relative segment, address: CODE 00000247 - 0000024C (0x6 bytes), align: 0
  Segment part 16.            Intra module refs:   osal_mem_kick
           ENTRY                   ADDRESS         REF BY
           =====                   =======         ======
           osal_mem_alloc::?relay
                                   00000247        GAP_CentDevMgrInit (gap_centdevmgr)
                                                   GAP_DeviceDiscoveryRequest (gap_centdevmgr)
                                                   gapProcessAdvertDevInfo (gap_centdevmgr)
                                                   osalAddTimer (OSAL_Timers)
                                                   osalInitTasks (OSAL_SimpleBLEObserver)
                                                   osal_msg_allocate (OSAL)
    -------------------------------------------------------------------------
BANK_RELAYS
  Relative segment, address: CODE 0000024D - 00000252 (0x6 bytes), align: 0
  Segment part 18.            Intra module refs:   osal_mem_kick
           ENTRY                   ADDRESS         REF BY
           =====                   =======         ======
           osal_mem_free::?relay   0000024D        Segment part 44 (gap_centdevmgr)
                                                   Segment part 54 (gap_centdevmgr)
                                                   gapProcessAdvertDevInfo (gap_centdevmgr)
                                                   osalTimerUpdate (OSAL_Timers)
                                                   osal_msg_deallocate (OSAL)

    *************************************************************************

  FILE NAME : C:\Texas Instruments\BLE-CC254x-1.3.2\Projects\ble\CC2541BLEObserver\CC2541DB\CC2541EM\Obj\OSAL_PwrMgr.r51
  PROGRAM MODULE, NAME : OSAL_PwrMgr

  SEGMENTS IN THE MODULE
  ======================
XDATA_Z
  Relative segment, address: XDATA 0000028E - 00000294 (0x7 bytes), align: 0
  Segment part 7.             Intra module refs:   osal_pwrmgr_device
                                                   osal_pwrmgr_init
                                                   osal_pwrmgr_powerconserve
                                                   osal_pwrmgr_task_state
           ENTRY                   ADDRESS         REF BY
           =====                   =======         ======
           pwrmgr_attribute        0000028E 
    -------------------------------------------------------------------------
<BANKED_CODE,CODE_C> 1 (was BANKED_CODE)
  Relative segment, address: CODE 00007133 - 00007140 (0xe bytes), align: 0
  Segment part 8.             Intra module refs:   osal_pwrmgr_init::?relay
           ENTRY                   ADDRESS         REF BY
           =====                   =======         ======
           osal_pwrmgr_init        00007133 
               ISTACK = 00000000 ( 00000002 )
    -------------------------------------------------------------------------
<BANKED_CODE,CODE_C> 1 (was BANKED_CODE)
  Relative segment, address: CODE 00007141 - 00007148 (0x8 bytes), align: 0
  Segment part 10.            Intra module refs:   osal_pwrmgr_device
                                                   osal_pwrmgr_init
           LOCAL                   ADDRESS         
           =====                   =======         
           ?Subroutine0            00007141 
    -------------------------------------------------------------------------
<BANKED_CODE,CODE_C> 1 (was BANKED_CODE)
  Relative segment, address: CODE 00007149 - 00007152 (0xa bytes), align: 0
  Segment part 11.            Intra module refs:   osal_pwrmgr_device::?relay
           ENTRY                   ADDRESS         REF BY
           =====                   =======         ======
           osal_pwrmgr_device      00007149 
               ISTACK = 00000000 ( 00000002 )
    -------------------------------------------------------------------------
<BANKED_CODE,CODE_C> 1 (was BANKED_CODE)
  Relative segment, address: CODE 00007153 - 0000719C (0x4a bytes), align: 0
  Segment part 13.            Intra module refs:   osal_pwrmgr_task_state::?relay
           ENTRY                   ADDRESS         REF BY
           =====                   =======         ======
           osal_pwrmgr_task_state
                                   00007153 
               XSTACK = 00000000 ( 0000000A )
    -------------------------------------------------------------------------
<BANKED_CODE,CODE_C> 1 (was BANKED_CODE)
  Relative segment, address: CODE 0000719D - 000071C8 (0x2c bytes), align: 0
  Segment part 15.            Intra module refs:   osal_pwrmgr_powerconserve::?relay
           ENTRY                   ADDRESS         REF BY
           =====                   =======         ======
           osal_pwrmgr_powerconserve
                                   0000719D 
               calls direct
               XSTACK = 00000000 ( 0000000C )
    -------------------------------------------------------------------------
BANK_RELAYS
  Relative segment, address: CODE 00000253 - 00000258 (0x6 bytes), align: 0
  Segment part 9.
           ENTRY                   ADDRESS         REF BY
           =====                   =======         ======
           osal_pwrmgr_init::?relay
                                   00000253        osal_init_system (OSAL)
    -------------------------------------------------------------------------
BANK_RELAYS
  Relative segment, address: CODE 00000259 - 0000025E (0x6 bytes), align: 0
  Segment part 12.
           ENTRY                   ADDRESS         REF BY
           =====                   =======         ======
           osal_pwrmgr_device::?relay
                                   00000259        LL_ProcessEvent (ll)
                                                   main (simpleBLEObserver_Main)
    -------------------------------------------------------------------------
BANK_RELAYS
  Relative segment, address: CODE 0000025F - 00000264 (0x6 bytes), align: 0
  Segment part 14.
           ENTRY                   ADDRESS         REF BY
           =====                   =======         ======
           osal_pwrmgr_task_state::?relay
                                   0000025F        Hal_ProcessEvent (hal_drivers)
                                                   LL_Init (ll)
                                                   LL_PowerOnReq (ll_sleep)
                                                   LL_ProcessEvent (ll)
    -------------------------------------------------------------------------
BANK_RELAYS
  Relative segment, address: CODE 00000265 - 0000026A (0x6 bytes), align: 0
  Segment part 16.
           ENTRY                   ADDRESS         REF BY
           =====                   =======         ======
           osal_pwrmgr_powerconserve::?relay
                                   00000265        osal_run_system (OSAL)

    *************************************************************************

  FILE NAME : C:\Texas Instruments\BLE-CC254x-1.3.2\Projects\ble\CC2541BLEObserver\CC2541DB\CC2541EM\Obj\OSAL_SimpleBLEObserver.r51
  PROGRAM MODULE, NAME : OSAL_SimpleBLEObserver

  SEGMENTS IN THE MODULE
  ======================
<XDATA_ROM_C> 1 (was XDATA_ROM_C)
  Relative segment, address: CONST 00008040 - 0000804D (0xe bytes), align: 0
  Segment part 6.
           ENTRY                   ADDRESS         REF BY
           =====                   =======         ======
           tasksArr                00008040        osal_run_system (OSAL)
    -------------------------------------------------------------------------
<XDATA_ROM_C> 1 (was XDATA_ROM_C)
  Relative segment, address: CONST 000080EA - 000080EA (0x1 bytes), align: 0
  Segment part 7.
           ENTRY                   ADDRESS         REF BY
           =====                   =======         ======
           tasksCnt                000080EA        osal_clear_event (OSAL)
                                                   osal_msg_enqueue_push (OSAL)
                                                   osal_pwrmgr_task_state (OSAL_PwrMgr)
                                                   osal_run_system (OSAL)
                                                   osal_set_event (OSAL)
    -------------------------------------------------------------------------
XDATA_Z
  Relative segment, address: XDATA 00000295 - 00000296 (0x2 bytes), align: 0
  Segment part 8.             Intra module refs:   osalInitTasks
           ENTRY                   ADDRESS         REF BY
           =====                   =======         ======
           tasksEvents             00000295        ?Subroutine18 (OSAL)
                                                   osal_run_system (OSAL)
                                                   osal_set_event (OSAL)
    -------------------------------------------------------------------------
<BANKED_CODE,CODE_C> 1 (was BANKED_CODE)
  Relative segment, address: CODE 000072D5 - 0000731A (0x46 bytes), align: 0
  Segment part 9.             Intra module refs:   osalInitTasks::?relay
           ENTRY                   ADDRESS         REF BY
           =====                   =======         ======
           osalInitTasks           000072D5 
               calls direct
               ISTACK = 00000000 ( 00000002 )
    -------------------------------------------------------------------------
BANK_RELAYS
  Relative segment, address: CODE 0000026B - 00000270 (0x6 bytes), align: 0
  Segment part 10.
           ENTRY                   ADDRESS         REF BY
           =====                   =======         ======
           osalInitTasks::?relay   0000026B        osal_init_system (OSAL)
    -------------------------------------------------------------------------
<XDATA_ROM_C_FLASH> 1 (was XDATA_ROM_C_FLASH)
  Relative segment, address: CODE 00008040 - 0000804D (0xe bytes), align: 0
  Segment part 11.            Intra module refs:   tasksArr
    -------------------------------------------------------------------------
<XDATA_ROM_C_FLASH> 1 (was XDATA_ROM_C_FLASH)
  Relative segment, address: CODE 000080EA - 000080EA (0x1 bytes), align: 0
  Segment part 12.            Intra module refs:   tasksCnt

    *************************************************************************

  FILE NAME : C:\Texas Instruments\BLE-CC254x-1.3.2\Projects\ble\CC2541BLEObserver\CC2541DB\CC2541EM\Obj\OSAL_Timers.r51
  PROGRAM MODULE, NAME : OSAL_Timers

  SEGMENTS IN THE MODULE
  ======================
XDATA_Z
  Relative segment, address: XDATA 00000297 - 00000298 (0x2 bytes), align: 0
  Segment part 7.             Intra module refs:   ?Subroutine3
                                                   osalAddTimer
                                                   osalFindTimer
                                                   osalTimerUpdate
                                                   osal_next_timeout
           ENTRY                   ADDRESS         REF BY
           =====                   =======         ======
           timerHead               00000297 
    -------------------------------------------------------------------------
XDATA_Z
  Relative segment, address: XDATA 00000299 - 0000029C (0x4 bytes), align: 0
  Segment part 8.             Intra module refs:   osalTimerInit
                                                   osalTimerUpdate
                                                   osal_GetSystemClock
           LOCAL                   ADDRESS         
           =====                   =======         
           osal_systemClock        00000299 
    -------------------------------------------------------------------------
<BANKED_CODE,CODE_C> 1 (was BANKED_CODE)
[...]
  Segment part 2.
           ENTRY                   ADDRESS         REF BY
           =====                   =======         ======
           ?PUSH_XSTACK_I_TWO      00000C76        GAPObserverRole_ProcessEvent (observer)
                                                   GAPObserverRole_StartDevice (observer)
                                                   GAP_DeviceDiscoveryRequest (gap_centdevmgr)
                                                   HCI_CommandCompleteEvent (hci_event)
                                                   HCI_SendCommandCompleteEvent (hci_event)
                                                   HCI_VendorSpecifcCommandCompleteEvent (hci_event)
                                                   LL_AdvReportCback (hci_event)
                                                   LL_Init (ll)
                                                   LL_RandCback (hci)
                                                   analyzePakcet (simpleBLEObserver)
                                                   cleanErasedPage (osal_snv)
                                                   compactPage (osal_snv)
                                                   erasePage (osal_snv)
                                                   findItem (osal_snv)
                                                   findOffset (osal_snv)
                                                   gapProcessAdvertDevInfo (gap_centdevmgr)
                                                   gapProcessRandomAddrComplete (gap_configmgr)
                                                   gapReadBD_ADDRStatus (gap_configmgr)
                                                   gapSendDevDiscEvent (gap_centdevmgr)
                                                   gapSendDeviceInfoEvent (gap_centdevmgr)
                                                   gapSendDeviceInitDoneEvent (gap_configmgr)
                                                   initNV (osal_snv)
                                                   llFindTxPowerSettings (ll_common)
                                                   llProcessScanRxFIFO (ll_scanEndCauses)
                                                   osal_memset (OSAL)
                                                   osal_msg_receive (OSAL)
                                                   verifyWordM (osal_snv)
                                                   writeWord (osal_snv)
    -------------------------------------------------------------------------
RCODE
  Relative segment, address: CODE 00000C7A - 00000C7B (0x2 bytes), align: 0
  Segment part 3.
           ENTRY                   ADDRESS         REF BY
           =====                   =======         ======
           ?PUSH_XSTACK_I_ONE      00000C7A        GAP_DeviceDiscoveryRequest (gap_centdevmgr)
                                                   HCI_LE_SetScanParamCmd (hci)
                                                   llProcessScanRxFIFO (ll_scanEndCauses)
                                                   writeWord (osal_snv)
    -------------------------------------------------------------------------
RCODE
  Relative segment, address: CODE 00000C7C - 00000C88 (0xd bytes), align: 0
  Segment part 4.             Intra module refs:   ?PUSH_XSTACK_I_FOUR
                                                   ?PUSH_XSTACK_I_ONE
                                                   ?PUSH_XSTACK_I_TWO
           ENTRY                   ADDRESS         REF BY
           =====                   =======         ======
           ?PUSH_XSTACK_I          00000C7C 

    -------------------------------------------------------------------------
  LIBRARY MODULE, NAME : ?PUSH_XSTACK8_X

  SEGMENTS IN THE MODULE
  ======================
RCODE
  Relative segment, address: CODE 00000C89 - 00000C8C (0x4 bytes), align: 0
  Segment part 1.
           ENTRY                   ADDRESS         REF BY
           =====                   =======         ======
           ?PUSH_XSTACK8_X_FOUR    00000C89        Hal_ProcessEvent (hal_drivers)
                                                   LL_ProcessEvent (ll)
                                                   gapProcessRandomAddrComplete (gap_configmgr)
                                                   halProcessKeyInterrupt (hal_key)
                                                   halSleep (hal_sleep)
                                                   llScheduler (ll_scheduler)
    -------------------------------------------------------------------------
RCODE
  Relative segment, address: CODE 00000C8D - 00000C90 (0x4 bytes), align: 0
  Segment part 3.
           ENTRY                   ADDRESS         REF BY
           =====                   =======         ======
           ?PUSH_XSTACK8_X_TWO     00000C8D        llScheduleTask (ll_scheduler)
    -------------------------------------------------------------------------
RCODE
  Relative segment, address: CODE 00000C91 - 00000CB9 (0x29 bytes), align: 0
  Segment part 5.             Intra module refs:   ?PUSH_XSTACK8_X_FOUR
                                                   ?PUSH_XSTACK8_X_TWO
           ENTRY                   ADDRESS         REF BY
           =====                   =======         ======
           ?PUSH_XSTACK8_X         00000C91 

    -------------------------------------------------------------------------
  LIBRARY MODULE, NAME : ?US_SWITCH_DENSE

  SEGMENTS IN THE MODULE
  ======================
RCODE
  Relative segment, address: CODE 00000CBA - 00000CC0 (0x7 bytes), align: 0
  Segment part 0.
           ENTRY                   ADDRESS         REF BY
           =====                   =======         ======
           ?US_SWITCH_DENSE        00000CBA        gapCentProcessHCICmdEvt (gap_centdevmgr)
    -------------------------------------------------------------------------
RCODE
  Relative segment, address: CODE 00000CC1 - 00000CFE (0x3e bytes), align: 0
  Segment part 2.             Intra module refs:   ?US_SWITCH_DENSE
    -------------------------------------------------------------------------
RCODE
  Relative segment, address: CODE 00000CFF - 00000CFF (0x1 bytes), align: 0
  Segment part 4.             Intra module refs:   ?US_SWITCH_DENSE

    -------------------------------------------------------------------------
  LIBRARY MODULE, NAME : ?US_SWITCH_SPARSE

  SEGMENTS IN THE MODULE
  ======================
RCODE
  Relative segment, address: CODE 00000D00 - 00000D09 (0xa bytes), align: 0
  Segment part 0.
           ENTRY                   ADDRESS         REF BY
           =====                   =======         ======
           ?US_SWITCH_SPARSE       00000D00        gapProcessHCICmdCompleteEvt (gap_simpletask)
    -------------------------------------------------------------------------
RCODE
  Relative segment, address: CODE 00000D0A - 00000D4A (0x41 bytes), align: 0
  Segment part 2.             Intra module refs:   ?US_SWITCH_SPARSE
           ENTRY                   ADDRESS         REF BY
           =====                   =======         ======
           ?US_SWITCH_SPARSE_LEAVE
                                   00000D3C        ?US_JMP_IF_IN_RANGE (?US_JMP_IF_IN_RANGE)
                                                   ?US_JMP_IF_VALUE (?US_JMP_IF_VALUE)
    -------------------------------------------------------------------------
RCODE
  Relative segment, address: CODE 00000D4B - 00000D4B (0x1 bytes), align: 0
  Segment part 4.             Intra module refs:   ?US_SWITCH_SPARSE

    -------------------------------------------------------------------------
  LIBRARY MODULE, NAME : ?US_JMP_IF_IN_RANGE

  SEGMENTS IN THE MODULE
  ======================
RCODE
  Relative segment, address: CODE 00000D4C - 00000D8A (0x3f bytes), align: 0
  Segment part 0.
           ENTRY                   ADDRESS         REF BY
           =====                   =======         ======
           ?US_JMP_IF_IN_RANGE     00000D4C        ?US_SWITCH_SPARSE_LEAVE (?US_SWITCH_SPARSE)

    -------------------------------------------------------------------------
  LIBRARY MODULE, NAME : ?US_JMP_IF_VALUE

  SEGMENTS IN THE MODULE
  ======================
RCODE
  Relative segment, address: CODE 00000D8B - 00000DB5 (0x2b bytes), align: 0
  Segment part 0.
           ENTRY                   ADDRESS         REF BY
           =====                   =======         ======
           ?US_JMP_IF_VALUE        00000D8B        ?US_SWITCH_SPARSE_LEAVE (?US_SWITCH_SPARSE)

    -------------------------------------------------------------------------
  LIBRARY MODULE, NAME : ?memset

  SEGMENTS IN THE MODULE
  ======================
<BANKED_CODE,CODE_C> 1 (was BANKED_CODE)
  Relative segment, address: CODE 0000731B - 00007347 (0x2d bytes), align: 0
  Segment part 6.             Intra module refs:   memset::?relay
           ENTRY                   ADDRESS         REF BY
           =====                   =======         ======
           memset                  0000731B 
               XSTACK = 00000002 ( 00000009 )
               ISTACK = 00000000 ( 00000001 )
    -------------------------------------------------------------------------
BANK_RELAYS
  Relative segment, address: CODE 00000727 - 0000072C (0x6 bytes), align: 0
  Segment part 7.
           ENTRY                   ADDRESS         REF BY
           =====                   =======         ======
           memset::?relay          00000727        osal_memset (OSAL)




                ****************************************
                *                                      *
                *            MODULE SUMMARY            *
                *                                      *
                ****************************************

Module                     CODE      DATA      XDATA  IDATA    BIT  CONST
------                     ----      ----      -----  -----    ---  -----
                          (Rel)  (Rel)  (Abs)  (Rel)  (Rel)  (Rel)  (Rel)
?ADD_XSTACK_DISP8            27
?ALLOC_XSTACK8               22
?BANKED_CODE_SUPPORT         30
?BANKED_ENTER_XDATA         108
?BANKED_LEAVE_XDATA          70
?CALL_IND                     2
?DEALLOC_XSTACK8             26
?FUNC_ENTER_XDATA           102
?FUNC_LEAVE_XDATA            64
?INTERRUPT_ENTER_XSP         95
?INTERRUPT_LEAVE_XSP         88
?L_ADD                       19
?L_ADD_TO_X                  19
?L_ADD_X                     19
?L_AND_X                     19
?L_EQ_X                      21
?L_MOV_TO_X                  15
?L_MOV_X                     15
?L_MUL                      128
?L_SHL                       31
?L_SUB                       20
?L_SUB_FROM_X                20
?MOVE_LONG8_XDATA_IDATA      13
?MOVE_LONG8_XDATA_XDATA      33
?PUSH_XSTACK8_X              49
?PUSH_XSTACK_I               23
?SS_SHR                      16
?S_DIV_MOD                   89
?S_SHL                       19
?UL_DIV_MOD                 112
?UL_GE_X                     31
?UL_GT                       16
?UL_GT_X                     16
?UL_SHR                      25
?US_JMP_IF_IN_RANGE          63
?US_JMP_IF_VALUE             43
?US_SHR                      15
?US_SWITCH_DENSE             70
?US_SWITCH_SPARSE            76
?XLOAD_R2345                 12
?XSTACK_DISP8                10
?XSTORE_R2345                12
?cexit                        5
?cmain                      135
?memset                      51
CSTARTUP                     18
  + common                    3
OSAL                      1 331                    3
  + shared                                  1
OSAL_ClockBLE               253                   10
OSAL_Memory                 521                2 051
OSAL_PwrMgr                 174                    7
OSAL_SimpleBLEObserver       91                    2                   15
OSAL_Timers               1 198                    6                    4
  + shared                                                              4
OnBoard                     230                    2
VIRTUAL_REGISTERS                    2                           8
gap                          43
gap_centdevmgr            2 471                    7
gap_configmgr               797                  102                    4
  + shared                                                              4
gap_devmgr                  189                    2
gap_simpletask              543                    6
hal_adc                     189             4      1
  + shared                                  1
hal_aes                      85
  + shared                                  3
hal_dma                      23             4     40
hal_drivers                 254                    1
  + shared                                                              4
hal_flash                   276
  + shared                                  1
hal_key                     541             4      5
  + shared                  110            12                           4
  + common
hal_lcd                     355             5      2
  + shared                                  4
hal_led                   1 094                   40
hal_sleep                   665      1      2      2                   24
  + shared                   46             4                           4
  + common
hal_startup                  11
hci                         517                    2
hci_event                 1 353                    9
hci_tl                      125                    6
ll                        1 674             3    106      2             8
  + shared                                  2                           8
ll_common                 1 690            10                          22
ll_constData                  8
ll_enc                      320             3
ll_errorEndCauses             9
ll_halt                       7      2
ll_isr                      688
  + shared                  134             7                           8
  + common
ll_scanEndCauses          1 371                   37
ll_scheduler              1 636                   29                   12
ll_sleep                    753                                         8
  + shared                                                              4
ll_timer2                 1 153             8
observer                    399                   10
osal_cbtimer                276                   62
osal_snv                  5 546                    4                    4
  + shared                                                              4
phy                       1 657                    1
simpleBLEObserver         1 254             4    146                   86
  + shared                                                              4
simpleBLEObserver_Main       88             1
  + shared                                  2
N/A (command line)                  24           640    192
N/A (alignment)               1
----------               ------     --     --  -----    ---      -    ---
Total:                   33 771     29     85  3 341    194      8    235
  + common                  134


                ****************************************
                *                                      *
                *      SEGMENTS IN ADDRESS ORDER       *
                *                                      *
                ****************************************


SEGMENT              SPACE    START ADDRESS   END ADDRESS     SIZE  TYPE  ALIGN
=======              =====    =============   ===========     ====  ====  =====
INTVEC               CODE          00000000 - 00000085          86   com    0
CSTART               CODE          00000086 - 0000014C          C7   rel    0
BDATA_ID             CODE               0000014D                     dse    0
BIT_ID               CODE               0000014D                     dse    0
DATA_ID              CODE          0000014D - 0000014D           1   rel    0
IXDATA_ID            CODE               0000014E                     dse    0
PDATA_ID             CODE               0000014E                     dse    0
IDATA_ID             CODE               0000014E                     dse    0
XDATA_ID             CODE          0000014E - 000001CE          81   rel    0
BANK_RELAYS          CODE          000001CF - 0000072C         55E   rel    0
RCODE                CODE          0000072D - 00000DB5         689   rel    0
CODE_N               CODE               00000DB6                     dse    0
DIFUNCT              CODE               00000DB6                     dse    0
NEAR_CODE            CODE          00000DB8 - 00001482         6CB   rel    2
<BANKED_CODE,CODE_C> 1
                     CODE          00001484 - 00007380        5EFD   rel    2
SLEEP_CODE           CODE          00007FF8 - 00007FFF           8   rel    0
<XDATA_ROM_C_FLASH> 1
                     CODE          00008000 - 000080EA          EB   rel    0
BLENV_ADDRESS_SPACE
                     CODE          0003E800 - 0003F7FF        1000   rel    0
REGISTERS            DATA          00000000 - 00000007           8   rel    0
VREG                 DATA          00000008 - 00000017          10   rel    0
PSP                  DATA               00000018                     dse    0
XSP                  DATA          00000018 - 00000019           2   rel    0
DATA_I               DATA          0000001A - 0000001A           1   rel    0
DATA_Z               DATA          0000001B - 0000001C           2   rel    0
BREG                 BIT        00000020.0  -  00000020.7        8   rel    0
SFR_AN               DATA          00000080 - 00000080           1   rel    0
                     DATA          00000086 - 00000089           4 
                     DATA          0000008B - 0000008D           3 
                     DATA          00000090 - 00000091           2 
                     DATA          00000094 - 00000097           4 
                     DATA          0000009A - 000000A9          10 
                     DATA          000000AB - 000000AF           5 
                     DATA          000000B3 - 000000B4           2 
                     DATA          000000B6 - 000000B6           1 
                     DATA          000000B8 - 000000C3           C 
                     DATA          000000C5 - 000000C7           3 
                     DATA          000000D1 - 000000D7           7 
                     DATA          000000D9 - 000000DB           3 
                     DATA          000000E1 - 000000E5           5 
                     DATA          000000E8 - 000000E9           2 
                     DATA          000000F1 - 000000F2           2 
                     DATA          000000F2 - 000000F5           4 
                     DATA          000000F7 - 000000FF           9 
XSTACK               XDATA         00000001 - 00000280         280   rel    0
XDATA_Z              XDATA         00000281 - 0000048A         20A   rel    0
XDATA_I              XDATA         0000048B - 0000050B          81   rel    0
<XDATA_N> 1          XDATA         0000050C - 00000D0D         802   rel    0
<XDATA_ROM_C> 1      CONST         00008000 - 000080EA          EB   rel    0
IDATA_I              IDATA              0000001D                     dse    0
IDATA_Z              IDATA         0000001D - 0000001E           2   rel    0
ISTACK               IDATA         00000040 - 000000FF          C0   rel    0

                ****************************************
                *                                      *
                *        END OF CROSS REFERENCE        *
                *                                      *
                ****************************************

 33 905 bytes of CODE  memory
     29 bytes of DATA  memory (+ 85 absolute )
  3 341 bytes of XDATA memory
    194 bytes of IDATA memory
      8 bits  of BIT   memory
    235 bytes of CONST memory

Errors: none
Warnings: none

